<html>
<body>
<pre>
<h1>µVision Build Log</h1>
<h2>Project:</h2>
D:\Dropbox\Dropbox\iF\DCMI Interfacing TW9910\DCMI BW jpeg\parallel-dcmi-jpeg\stm32f4-dcmi-jpeg\Project\OV9655_Camera\MDK-ARM\Project.uvproj
Project File Date:  07/23/2014

<h2>Output:</h2>
Build target 'Discover-More'
compiling main.c...
linking...
Program Size: Code=11174 RO-data=2110 RW-data=136 ZI-data=88992  
".\Discover-More\Project.axf" - 0 Error(s), 0 Warning(s).
</pre>
</body>
</html>
\\iF\\DCMI Interfacing TW9910\\DCMI BW jpeg\\parallel-dcmi-jpeg\\stm32f4-dcmi-jpeg\\Project\\OV9655_Camera\\MDK-ARM\\Discover-More\\Project.axf" 
Erase Done.
Programming Done.
Verify OK.
Application running ...
ng ...
F\\DCMI Interfacing TW9910\\DCMI BW jpeg\\parallel-dcmi-jpeg\\stm32f4-dcmi-jpeg\\Project\\OV9655_Camera\\MDK-ARM\\Discover-More\\Project.axf" 
Erase Done.
Programming Done.
Verify OK.
Application running ...
n running ...
ox\\Dropbox\\iF\\DCMI Interfacing TW9910\\DCMI BW jpeg\\parallel-dcmi-jpeg\\stm32f4-dcmi-jpeg\\Project\\OV9655_Camera\\MDK-ARM\\Discover-More\\Project.axf" 
Erase Done.
Programming Done.
Verify OK.
Application running ...
Application running ...
