ARM Linker, 5.03 [Build 76] [MDK-ARM Lite]

==============================================================================

Section Cross References

    main.o(.text) refers to printf5.o(i.__0sprintf$5) for __2sprintf
    main.o(.text) refers to usart.o(.text) for USART_puts
    main.o(.text) refers to stm32f4xx_rcc.o(.text) for RCC_AHB1PeriphClockCmd
    main.o(.text) refers to stm32f4xx_gpio.o(.text) for GPIO_PinAFConfig
    main.o(.text) refers to stm32f4xx_dcmi.o(.text) for DCMI_Init
    main.o(.text) refers to stm32f4xx_dma.o(.text) for DMA_DeInit
    main.o(.text) refers to misc.o(.text) for NVIC_Init
    main.o(.text) refers to stm32f4xx_i2c.o(.text) for I2C_DeInit
    main.o(.text) refers to dcmi_ov9655.o(.text) for DCMI_SingleRandomRead
    main.o(.text) refers to jpegenc.o(.text) for huffman_start
    main.o(.text) refers to main.o(.bss) for .bss
    main.o(.text) refers to main.o(.data) for .data
    stm32f4xx_it.o(.text) refers to main.o(.text) for TimingDelay_Decrement
    stm32f4xx_it.o(.text) refers to stm32f4xx_exti.o(.text) for EXTI_GetITStatus
    stm32f4xx_it.o(.text) refers to main.o(.data) for KeyPressFlg
    system_stm32f4xx.o(.text) refers to system_stm32f4xx.o(.data) for .data
    dcmi_ov9655.o(.text) refers to stm32f4xx_i2c.o(.text) for I2C_GenerateSTART
    usart.o(.text) refers to stm32f4xx_rcc.o(.text) for RCC_APB1PeriphClockCmd
    usart.o(.text) refers to stm32f4xx_gpio.o(.text) for GPIO_Init
    usart.o(.text) refers to stm32f4xx_usart.o(.text) for USART_Init
    usart.o(.text) refers to usart.o(.data) for .data
    usart.o(.text) refers to usart.o(.bss) for .bss
    jpegenc.o(.text) refers to main.o(.text) for write_jpeg
    jpegenc.o(.text) refers to jpegenc.o(.data) for .data
    jpegenc.o(.text) refers to jpegenc.o(.bss) for .bss
    jpegenc.o(.text) refers to jpegenc.o(.constdata) for .constdata
    jpegenc.o(.text) refers to dct.o(.text) for dct
    jpegenc.o(.data) refers to jpegenc.o(.constdata) for HYAClen
    jpegenc.o(.data) refers to jpegenc.o(.constdata) for HYACbits
    jpegenc.o(.data) refers to jpegenc.o(.constdata) for HYDClen
    jpegenc.o(.data) refers to jpegenc.o(.constdata) for HYDCbits
    jpegenc.o(.data) refers to jpegenc.o(.constdata) for qtable_lum
    jpegenc.o(.data) refers to jpegenc.o(.constdata) for HCAClen
    jpegenc.o(.data) refers to jpegenc.o(.constdata) for HCACbits
    jpegenc.o(.data) refers to jpegenc.o(.constdata) for HCDClen
    jpegenc.o(.data) refers to jpegenc.o(.constdata) for HCDCbits
    jpegenc.o(.data) refers to jpegenc.o(.constdata) for qtable_chrom
    stm32f4_discovery.o(.text) refers to stm32f4xx_rcc.o(.text) for RCC_AHB1PeriphClockCmd
    stm32f4_discovery.o(.text) refers to stm32f4xx_gpio.o(.text) for GPIO_Init
    stm32f4_discovery.o(.text) refers to stm32f4xx_syscfg.o(.text) for SYSCFG_EXTILineConfig
    stm32f4_discovery.o(.text) refers to stm32f4xx_exti.o(.text) for EXTI_Init
    stm32f4_discovery.o(.text) refers to misc.o(.text) for NVIC_Init
    stm32f4_discovery.o(.text) refers to stm32f4xx_usart.o(.text) for USART_Init
    stm32f4_discovery.o(.text) refers to stm32f4_discovery.o(.constdata) for .constdata
    stm32f4_discovery.o(.text) refers to stm32f4_discovery.o(.data) for .data
    stm32f4xx_usart.o(.text) refers to stm32f4xx_rcc.o(.text) for RCC_APB2PeriphResetCmd
    stm32f4xx_gpio.o(.text) refers to stm32f4xx_rcc.o(.text) for RCC_AHB1PeriphResetCmd
    stm32f4xx_rcc.o(.text) refers to stm32f4xx_rcc.o(.data) for .data
    stm32f4xx_spi.o(.text) refers to stm32f4xx_rcc.o(.text) for RCC_APB2PeriphResetCmd
    stm32f4xx_syscfg.o(.text) refers to stm32f4xx_rcc.o(.text) for RCC_APB2PeriphResetCmd
    stm32f4xx_i2c.o(.text) refers to stm32f4xx_rcc.o(.text) for RCC_APB1PeriphResetCmd
    startup_stm32f4xx.o(RESET) refers to startup_stm32f4xx.o(STACK) for __initial_sp
    startup_stm32f4xx.o(RESET) refers to startup_stm32f4xx.o(.text) for Reset_Handler
    startup_stm32f4xx.o(RESET) refers to stm32f4xx_it.o(.text) for NMI_Handler
    startup_stm32f4xx.o(RESET) refers to usart.o(.text) for USART1_IRQHandler
    startup_stm32f4xx.o(RESET) refers to main.o(.text) for DMA2_Stream1_IRQHandler
    startup_stm32f4xx.o(.text) refers to system_stm32f4xx.o(.text) for SystemInit
    startup_stm32f4xx.o(.text) refers to entry.o(.ARM.Collect$$$$00000000) for __main
    entry.o(.ARM.Collect$$$$00000000) refers (Special) to entry10a.o(.ARM.Collect$$$$0000000D) for __rt_final_cpp
    entry.o(.ARM.Collect$$$$00000000) refers (Special) to entry11a.o(.ARM.Collect$$$$0000000F) for __rt_final_exit
    entry.o(.ARM.Collect$$$$00000000) refers (Special) to entry7b.o(.ARM.Collect$$$$00000008) for _main_clock
    entry.o(.ARM.Collect$$$$00000000) refers (Special) to entry8b.o(.ARM.Collect$$$$0000000A) for _main_cpp_init
    entry.o(.ARM.Collect$$$$00000000) refers (Special) to entry9a.o(.ARM.Collect$$$$0000000B) for _main_init
    entry.o(.ARM.Collect$$$$00000000) refers (Special) to entry5.o(.ARM.Collect$$$$00000004) for _main_scatterload
    entry.o(.ARM.Collect$$$$00000000) refers (Special) to entry2.o(.ARM.Collect$$$$00000001) for _main_stk
    printfb.o(i.__0fprintf$bare) refers to printfb.o(i._printf_core) for _printf_core
    printfb.o(i.__0fprintf$bare) refers to fputc.o(i.fputc) for fputc
    printfb.o(i.__0printf$bare) refers to printfb.o(i._printf_core) for _printf_core
    printfb.o(i.__0printf$bare) refers to fputc.o(i.fputc) for fputc
    printfb.o(i.__0printf$bare) refers to stdout.o(.data) for __stdout
    printfb.o(i.__0snprintf$bare) refers to printfb.o(i._printf_core) for _printf_core
    printfb.o(i.__0snprintf$bare) refers to printfb.o(i._snputc) for _snputc
    printfb.o(i.__0sprintf$bare) refers to printfb.o(i._printf_core) for _printf_core
    printfb.o(i.__0sprintf$bare) refers to printfb.o(i._sputc) for _sputc
    printfb.o(i.__0vfprintf$bare) refers to printfb.o(i._printf_core) for _printf_core
    printfb.o(i.__0vfprintf$bare) refers to fputc.o(i.fputc) for fputc
    printfb.o(i.__0vprintf$bare) refers to printfb.o(i._printf_core) for _printf_core
    printfb.o(i.__0vprintf$bare) refers to fputc.o(i.fputc) for fputc
    printfb.o(i.__0vprintf$bare) refers to stdout.o(.data) for __stdout
    printfb.o(i.__0vsnprintf$bare) refers to printfb.o(i._printf_core) for _printf_core
    printfb.o(i.__0vsnprintf$bare) refers to printfb.o(i._snputc) for _snputc
    printfb.o(i.__0vsprintf$bare) refers to printfb.o(i._printf_core) for _printf_core
    printfb.o(i.__0vsprintf$bare) refers to printfb.o(i._sputc) for _sputc
    printf0.o(i.__0fprintf$0) refers to printf0.o(i._printf_core) for _printf_core
    printf0.o(i.__0fprintf$0) refers to fputc.o(i.fputc) for fputc
    printf0.o(i.__0printf$0) refers to printf0.o(i._printf_core) for _printf_core
    printf0.o(i.__0printf$0) refers to fputc.o(i.fputc) for fputc
    printf0.o(i.__0printf$0) refers to stdout.o(.data) for __stdout
    printf0.o(i.__0snprintf$0) refers to printf0.o(i._printf_core) for _printf_core
    printf0.o(i.__0snprintf$0) refers to printf0.o(i._snputc) for _snputc
    printf0.o(i.__0sprintf$0) refers to printf0.o(i._printf_core) for _printf_core
    printf0.o(i.__0sprintf$0) refers to printf0.o(i._sputc) for _sputc
    printf0.o(i.__0vfprintf$0) refers to printf0.o(i._printf_core) for _printf_core
    printf0.o(i.__0vfprintf$0) refers to fputc.o(i.fputc) for fputc
    printf0.o(i.__0vprintf$0) refers to printf0.o(i._printf_core) for _printf_core
    printf0.o(i.__0vprintf$0) refers to fputc.o(i.fputc) for fputc
    printf0.o(i.__0vprintf$0) refers to stdout.o(.data) for __stdout
    printf0.o(i.__0vsnprintf$0) refers to printf0.o(i._printf_core) for _printf_core
    printf0.o(i.__0vsnprintf$0) refers to printf0.o(i._snputc) for _snputc
    printf0.o(i.__0vsprintf$0) refers to printf0.o(i._printf_core) for _printf_core
    printf0.o(i.__0vsprintf$0) refers to printf0.o(i._sputc) for _sputc
    printf1.o(i.__0fprintf$1) refers to printf1.o(i._printf_core) for _printf_core
    printf1.o(i.__0fprintf$1) refers to fputc.o(i.fputc) for fputc
    printf1.o(i.__0printf$1) refers to printf1.o(i._printf_core) for _printf_core
    printf1.o(i.__0printf$1) refers to fputc.o(i.fputc) for fputc
    printf1.o(i.__0printf$1) refers to stdout.o(.data) for __stdout
    printf1.o(i.__0snprintf$1) refers to printf1.o(i._printf_core) for _printf_core
    printf1.o(i.__0snprintf$1) refers to printf1.o(i._snputc) for _snputc
    printf1.o(i.__0sprintf$1) refers to printf1.o(i._printf_core) for _printf_core
    printf1.o(i.__0sprintf$1) refers to printf1.o(i._sputc) for _sputc
    printf1.o(i.__0vfprintf$1) refers to printf1.o(i._printf_core) for _printf_core
    printf1.o(i.__0vfprintf$1) refers to fputc.o(i.fputc) for fputc
    printf1.o(i.__0vprintf$1) refers to printf1.o(i._printf_core) for _printf_core
    printf1.o(i.__0vprintf$1) refers to fputc.o(i.fputc) for fputc
    printf1.o(i.__0vprintf$1) refers to stdout.o(.data) for __stdout
    printf1.o(i.__0vsnprintf$1) refers to printf1.o(i._printf_core) for _printf_core
    printf1.o(i.__0vsnprintf$1) refers to printf1.o(i._snputc) for _snputc
    printf1.o(i.__0vsprintf$1) refers to printf1.o(i._printf_core) for _printf_core
    printf1.o(i.__0vsprintf$1) refers to printf1.o(i._sputc) for _sputc
    printf1.o(i._printf_core) refers to uidiv.o(.text) for __aeabi_uidivmod
    printf2.o(i.__0fprintf$2) refers to printf2.o(i._printf_core) for _printf_core
    printf2.o(i.__0fprintf$2) refers to fputc.o(i.fputc) for fputc
    printf2.o(i.__0printf$2) refers to printf2.o(i._printf_core) for _printf_core
    printf2.o(i.__0printf$2) refers to fputc.o(i.fputc) for fputc
    printf2.o(i.__0printf$2) refers to stdout.o(.data) for __stdout
    printf2.o(i.__0snprintf$2) refers to printf2.o(i._printf_core) for _printf_core
    printf2.o(i.__0snprintf$2) refers to printf2.o(i._snputc) for _snputc
    printf2.o(i.__0sprintf$2) refers to printf2.o(i._printf_core) for _printf_core
    printf2.o(i.__0sprintf$2) refers to printf2.o(i._sputc) for _sputc
    printf2.o(i.__0vfprintf$2) refers to printf2.o(i._printf_core) for _printf_core
    printf2.o(i.__0vfprintf$2) refers to fputc.o(i.fputc) for fputc
    printf2.o(i.__0vprintf$2) refers to printf2.o(i._printf_core) for _printf_core
    printf2.o(i.__0vprintf$2) refers to fputc.o(i.fputc) for fputc
    printf2.o(i.__0vprintf$2) refers to stdout.o(.data) for __stdout
    printf2.o(i.__0vsnprintf$2) refers to printf2.o(i._printf_core) for _printf_core
    printf2.o(i.__0vsnprintf$2) refers to printf2.o(i._snputc) for _snputc
    printf2.o(i.__0vsprintf$2) refers to printf2.o(i._printf_core) for _printf_core
    printf2.o(i.__0vsprintf$2) refers to printf2.o(i._sputc) for _sputc
    printf3.o(i.__0fprintf$3) refers to printf3.o(i._printf_core) for _printf_core
    printf3.o(i.__0fprintf$3) refers to fputc.o(i.fputc) for fputc
    printf3.o(i.__0printf$3) refers to printf3.o(i._printf_core) for _printf_core
    printf3.o(i.__0printf$3) refers to fputc.o(i.fputc) for fputc
    printf3.o(i.__0printf$3) refers to stdout.o(.data) for __stdout
    printf3.o(i.__0snprintf$3) refers to printf3.o(i._printf_core) for _printf_core
    printf3.o(i.__0snprintf$3) refers to printf3.o(i._snputc) for _snputc
    printf3.o(i.__0sprintf$3) refers to printf3.o(i._printf_core) for _printf_core
    printf3.o(i.__0sprintf$3) refers to printf3.o(i._sputc) for _sputc
    printf3.o(i.__0vfprintf$3) refers to printf3.o(i._printf_core) for _printf_core
    printf3.o(i.__0vfprintf$3) refers to fputc.o(i.fputc) for fputc
    printf3.o(i.__0vprintf$3) refers to printf3.o(i._printf_core) for _printf_core
    printf3.o(i.__0vprintf$3) refers to fputc.o(i.fputc) for fputc
    printf3.o(i.__0vprintf$3) refers to stdout.o(.data) for __stdout
    printf3.o(i.__0vsnprintf$3) refers to printf3.o(i._printf_core) for _printf_core
    printf3.o(i.__0vsnprintf$3) refers to printf3.o(i._snputc) for _snputc
    printf3.o(i.__0vsprintf$3) refers to printf3.o(i._printf_core) for _printf_core
    printf3.o(i.__0vsprintf$3) refers to printf3.o(i._sputc) for _sputc
    printf3.o(i._printf_core) refers to uidiv.o(.text) for __aeabi_uidivmod
    printf4.o(i.__0fprintf$4) refers to printf4.o(i._printf_core) for _printf_core
    printf4.o(i.__0fprintf$4) refers to fputc.o(i.fputc) for fputc
    printf4.o(i.__0printf$4) refers to printf4.o(i._printf_core) for _printf_core
    printf4.o(i.__0printf$4) refers to fputc.o(i.fputc) for fputc
    printf4.o(i.__0printf$4) refers to stdout.o(.data) for __stdout
    printf4.o(i.__0snprintf$4) refers to printf4.o(i._printf_core) for _printf_core
    printf4.o(i.__0snprintf$4) refers to printf4.o(i._snputc) for _snputc
    printf4.o(i.__0sprintf$4) refers to printf4.o(i._printf_core) for _printf_core
    printf4.o(i.__0sprintf$4) refers to printf4.o(i._sputc) for _sputc
    printf4.o(i.__0vfprintf$4) refers to printf4.o(i._printf_core) for _printf_core
    printf4.o(i.__0vfprintf$4) refers to fputc.o(i.fputc) for fputc
    printf4.o(i.__0vprintf$4) refers to printf4.o(i._printf_core) for _printf_core
    printf4.o(i.__0vprintf$4) refers to fputc.o(i.fputc) for fputc
    printf4.o(i.__0vprintf$4) refers to stdout.o(.data) for __stdout
    printf4.o(i.__0vsnprintf$4) refers to printf4.o(i._printf_core) for _printf_core
    printf4.o(i.__0vsnprintf$4) refers to printf4.o(i._snputc) for _snputc
    printf4.o(i.__0vsprintf$4) refers to printf4.o(i._printf_core) for _printf_core
    printf4.o(i.__0vsprintf$4) refers to printf4.o(i._sputc) for _sputc
    printf4.o(i._printf_core) refers to uldiv.o(.text) for __aeabi_uldivmod
    printf5.o(i.__0fprintf$5) refers to printf5.o(i._printf_core) for _printf_core
    printf5.o(i.__0fprintf$5) refers to fputc.o(i.fputc) for fputc
    printf5.o(i.__0printf$5) refers to printf5.o(i._printf_core) for _printf_core
    printf5.o(i.__0printf$5) refers to fputc.o(i.fputc) for fputc
    printf5.o(i.__0printf$5) refers to stdout.o(.data) for __stdout
    printf5.o(i.__0snprintf$5) refers to printf5.o(i._printf_core) for _printf_core
    printf5.o(i.__0snprintf$5) refers to printf5.o(i._snputc) for _snputc
    printf5.o(i.__0sprintf$5) refers to printf5.o(i._printf_core) for _printf_core
    printf5.o(i.__0sprintf$5) refers to printf5.o(i._sputc) for _sputc
    printf5.o(i.__0vfprintf$5) refers to printf5.o(i._printf_core) for _printf_core
    printf5.o(i.__0vfprintf$5) refers to fputc.o(i.fputc) for fputc
    printf5.o(i.__0vprintf$5) refers to printf5.o(i._printf_core) for _printf_core
    printf5.o(i.__0vprintf$5) refers to fputc.o(i.fputc) for fputc
    printf5.o(i.__0vprintf$5) refers to stdout.o(.data) for __stdout
    printf5.o(i.__0vsnprintf$5) refers to printf5.o(i._printf_core) for _printf_core
    printf5.o(i.__0vsnprintf$5) refers to printf5.o(i._snputc) for _snputc
    printf5.o(i.__0vsprintf$5) refers to printf5.o(i._printf_core) for _printf_core
    printf5.o(i.__0vsprintf$5) refers to printf5.o(i._sputc) for _sputc
    printf5.o(i._printf_core) refers to uldiv.o(.text) for __aeabi_uldivmod
    printf6.o(i.__0fprintf$6) refers to printf6.o(i._printf_core) for _printf_core
    printf6.o(i.__0fprintf$6) refers to fputc.o(i.fputc) for fputc
    printf6.o(i.__0printf$6) refers to printf6.o(i._printf_core) for _printf_core
    printf6.o(i.__0printf$6) refers to fputc.o(i.fputc) for fputc
    printf6.o(i.__0printf$6) refers to stdout.o(.data) for __stdout
    printf6.o(i.__0snprintf$6) refers to printf6.o(i._printf_core) for _printf_core
    printf6.o(i.__0snprintf$6) refers to printf6.o(i._snputc) for _snputc
    printf6.o(i.__0sprintf$6) refers to printf6.o(i._printf_core) for _printf_core
    printf6.o(i.__0sprintf$6) refers to printf6.o(i._sputc) for _sputc
    printf6.o(i.__0vfprintf$6) refers to printf6.o(i._printf_core) for _printf_core
    printf6.o(i.__0vfprintf$6) refers to fputc.o(i.fputc) for fputc
    printf6.o(i.__0vprintf$6) refers to printf6.o(i._printf_core) for _printf_core
    printf6.o(i.__0vprintf$6) refers to fputc.o(i.fputc) for fputc
    printf6.o(i.__0vprintf$6) refers to stdout.o(.data) for __stdout
    printf6.o(i.__0vsnprintf$6) refers to printf6.o(i._printf_core) for _printf_core
    printf6.o(i.__0vsnprintf$6) refers to printf6.o(i._snputc) for _snputc
    printf6.o(i.__0vsprintf$6) refers to printf6.o(i._printf_core) for _printf_core
    printf6.o(i.__0vsprintf$6) refers to printf6.o(i._sputc) for _sputc
    printf6.o(i._printf_core) refers to printf6.o(i._printf_pre_padding) for _printf_pre_padding
    printf6.o(i._printf_core) refers to uidiv.o(.text) for __aeabi_uidivmod
    printf6.o(i._printf_core) refers to printf6.o(i._printf_post_padding) for _printf_post_padding
    printf7.o(i.__0fprintf$7) refers to printf7.o(i._printf_core) for _printf_core
    printf7.o(i.__0fprintf$7) refers to fputc.o(i.fputc) for fputc
    printf7.o(i.__0printf$7) refers to printf7.o(i._printf_core) for _printf_core
    printf7.o(i.__0printf$7) refers to fputc.o(i.fputc) for fputc
    printf7.o(i.__0printf$7) refers to stdout.o(.data) for __stdout
    printf7.o(i.__0snprintf$7) refers to printf7.o(i._printf_core) for _printf_core
    printf7.o(i.__0snprintf$7) refers to printf7.o(i._snputc) for _snputc
    printf7.o(i.__0sprintf$7) refers to printf7.o(i._printf_core) for _printf_core
    printf7.o(i.__0sprintf$7) refers to printf7.o(i._sputc) for _sputc
    printf7.o(i.__0vfprintf$7) refers to printf7.o(i._printf_core) for _printf_core
    printf7.o(i.__0vfprintf$7) refers to fputc.o(i.fputc) for fputc
    printf7.o(i.__0vprintf$7) refers to printf7.o(i._printf_core) for _printf_core
    printf7.o(i.__0vprintf$7) refers to fputc.o(i.fputc) for fputc
    printf7.o(i.__0vprintf$7) refers to stdout.o(.data) for __stdout
    printf7.o(i.__0vsnprintf$7) refers to printf7.o(i._printf_core) for _printf_core
    printf7.o(i.__0vsnprintf$7) refers to printf7.o(i._snputc) for _snputc
    printf7.o(i.__0vsprintf$7) refers to printf7.o(i._printf_core) for _printf_core
    printf7.o(i.__0vsprintf$7) refers to printf7.o(i._sputc) for _sputc
    printf7.o(i._printf_core) refers to printf7.o(i._printf_pre_padding) for _printf_pre_padding
    printf7.o(i._printf_core) refers to uldiv.o(.text) for __aeabi_uldivmod
    printf7.o(i._printf_core) refers to printf7.o(i._printf_post_padding) for _printf_post_padding
    printf8.o(i.__0fprintf$8) refers to printf8.o(i._printf_core) for _printf_core
    printf8.o(i.__0fprintf$8) refers to fputc.o(i.fputc) for fputc
    printf8.o(i.__0printf$8) refers to printf8.o(i._printf_core) for _printf_core
    printf8.o(i.__0printf$8) refers to fputc.o(i.fputc) for fputc
    printf8.o(i.__0printf$8) refers to stdout.o(.data) for __stdout
    printf8.o(i.__0snprintf$8) refers to printf8.o(i._printf_core) for _printf_core
    printf8.o(i.__0snprintf$8) refers to printf8.o(i._snputc) for _snputc
    printf8.o(i.__0sprintf$8) refers to printf8.o(i._printf_core) for _printf_core
    printf8.o(i.__0sprintf$8) refers to printf8.o(i._sputc) for _sputc
    printf8.o(i.__0vfprintf$8) refers to printf8.o(i._printf_core) for _printf_core
    printf8.o(i.__0vfprintf$8) refers to fputc.o(i.fputc) for fputc
    printf8.o(i.__0vprintf$8) refers to printf8.o(i._printf_core) for _printf_core
    printf8.o(i.__0vprintf$8) refers to fputc.o(i.fputc) for fputc
    printf8.o(i.__0vprintf$8) refers to stdout.o(.data) for __stdout
    printf8.o(i.__0vsnprintf$8) refers to printf8.o(i._printf_core) for _printf_core
    printf8.o(i.__0vsnprintf$8) refers to printf8.o(i._snputc) for _snputc
    printf8.o(i.__0vsprintf$8) refers to printf8.o(i._printf_core) for _printf_core
    printf8.o(i.__0vsprintf$8) refers to printf8.o(i._sputc) for _sputc
    printf8.o(i._printf_core) refers to printf8.o(i._printf_pre_padding) for _printf_pre_padding
    printf8.o(i._printf_core) refers to uldiv.o(.text) for __aeabi_uldivmod
    printf8.o(i._printf_core) refers to printf8.o(i._printf_post_padding) for _printf_post_padding
    printfa.o(i.__0fprintf) refers (Special) to iusefp.o(.text) for __I$use$fp
    printfa.o(i.__0fprintf) refers to printfa.o(i._printf_core) for _printf_core
    printfa.o(i.__0fprintf) refers to fputc.o(i.fputc) for fputc
    printfa.o(i.__0printf) refers (Special) to iusefp.o(.text) for __I$use$fp
    printfa.o(i.__0printf) refers to printfa.o(i._printf_core) for _printf_core
    printfa.o(i.__0printf) refers to fputc.o(i.fputc) for fputc
    printfa.o(i.__0printf) refers to stdout.o(.data) for __stdout
    printfa.o(i.__0snprintf) refers (Special) to iusefp.o(.text) for __I$use$fp
    printfa.o(i.__0snprintf) refers to printfa.o(i._printf_core) for _printf_core
    printfa.o(i.__0snprintf) refers to printfa.o(i._snputc) for _snputc
    printfa.o(i.__0sprintf) refers (Special) to iusefp.o(.text) for __I$use$fp
    printfa.o(i.__0sprintf) refers to printfa.o(i._printf_core) for _printf_core
    printfa.o(i.__0sprintf) refers to printfa.o(i._sputc) for _sputc
    printfa.o(i.__0vfprintf) refers (Special) to iusefp.o(.text) for __I$use$fp
    printfa.o(i.__0vfprintf) refers to printfa.o(i._printf_core) for _printf_core
    printfa.o(i.__0vfprintf) refers to fputc.o(i.fputc) for fputc
    printfa.o(i.__0vprintf) refers (Special) to iusefp.o(.text) for __I$use$fp
    printfa.o(i.__0vprintf) refers to printfa.o(i._printf_core) for _printf_core
    printfa.o(i.__0vprintf) refers to fputc.o(i.fputc) for fputc
    printfa.o(i.__0vprintf) refers to stdout.o(.data) for __stdout
    printfa.o(i.__0vsnprintf) refers (Special) to iusefp.o(.text) for __I$use$fp
    printfa.o(i.__0vsnprintf) refers to printfa.o(i._printf_core) for _printf_core
    printfa.o(i.__0vsnprintf) refers to printfa.o(i._snputc) for _snputc
    printfa.o(i.__0vsprintf) refers (Special) to iusefp.o(.text) for __I$use$fp
    printfa.o(i.__0vsprintf) refers to printfa.o(i._printf_core) for _printf_core
    printfa.o(i.__0vsprintf) refers to printfa.o(i._sputc) for _sputc
    printfa.o(i._fp_digits) refers (Special) to iusefp.o(.text) for __I$use$fp
    printfa.o(i._fp_digits) refers to dmul.o(.text) for __aeabi_dmul
    printfa.o(i._fp_digits) refers to ddiv.o(.text) for __aeabi_ddiv
    printfa.o(i._fp_digits) refers to cdrcmple.o(.text) for __aeabi_cdrcmple
    printfa.o(i._fp_digits) refers to dadd.o(.text) for __aeabi_dadd
    printfa.o(i._fp_digits) refers to dfixul.o(.text) for __aeabi_d2ulz
    printfa.o(i._fp_digits) refers to uldiv.o(.text) for __aeabi_uldivmod
    printfa.o(i._printf_core) refers (Special) to iusefp.o(.text) for __I$use$fp
    printfa.o(i._printf_core) refers to printfa.o(i._printf_pre_padding) for _printf_pre_padding
    printfa.o(i._printf_core) refers to uldiv.o(.text) for __aeabi_uldivmod
    printfa.o(i._printf_core) refers to printfa.o(i._printf_post_padding) for _printf_post_padding
    printfa.o(i._printf_core) refers to printfa.o(i._fp_digits) for _fp_digits
    printfa.o(i._printf_core) refers to uidiv.o(.text) for __aeabi_uidivmod
    printfa.o(i._printf_post_padding) refers (Special) to iusefp.o(.text) for __I$use$fp
    printfa.o(i._printf_pre_padding) refers (Special) to iusefp.o(.text) for __I$use$fp
    printfa.o(i._snputc) refers (Special) to iusefp.o(.text) for __I$use$fp
    printfa.o(i._sputc) refers (Special) to iusefp.o(.text) for __I$use$fp
    entry2.o(.ARM.Collect$$$$00000001) refers to entry2.o(.ARM.Collect$$$$00002712) for __lit__00000000
    entry2.o(.ARM.Collect$$$$00002712) refers to startup_stm32f4xx.o(STACK) for __initial_sp
    entry2.o(__vectab_stack_and_reset_area) refers to startup_stm32f4xx.o(STACK) for __initial_sp
    entry2.o(__vectab_stack_and_reset_area) refers to entry.o(.ARM.Collect$$$$00000000) for __main
    entry5.o(.ARM.Collect$$$$00000004) refers to init.o(.text) for __scatterload
    entry9a.o(.ARM.Collect$$$$0000000B) refers to main.o(.text) for main
    entry9b.o(.ARM.Collect$$$$0000000C) refers to main.o(.text) for main
    fputc.o(i.fputc) refers (Special) to iusesemip.o(.text) for __I$use$semihosting$fputc
    fputc.o(i.fputc) refers (Special) to semi.o(.text) for __semihosting_library_function
    uldiv.o(.text) refers to llushr.o(.text) for __aeabi_llsr
    uldiv.o(.text) refers to llshl.o(.text) for __aeabi_llsl
    dadd.o(.text) refers to llshl.o(.text) for __aeabi_llsl
    dadd.o(.text) refers to llsshr.o(.text) for __aeabi_lasr
    dadd.o(.text) refers to depilogue.o(.text) for _double_epilogue
    dmul.o(.text) refers to depilogue.o(.text) for _double_epilogue
    ddiv.o(.text) refers to depilogue.o(.text) for _double_round
    dfixul.o(.text) refers to llushr.o(.text) for __aeabi_llsr
    dfixul.o(.text) refers to llshl.o(.text) for __aeabi_llsl
    init.o(.text) refers to entry5.o(.ARM.Collect$$$$00000004) for __main_after_scatterload
    depilogue.o(.text) refers to llshl.o(.text) for __aeabi_llsl
    depilogue.o(.text) refers to llushr.o(.text) for __aeabi_llsr


==============================================================================

Removing Unused input sections from the image.

    Removing main.o(.rev16_text), (4 bytes).
    Removing main.o(.revsh_text), (4 bytes).
    Removing main.o(.data), (8 bytes).
    Removing stm32f4xx_it.o(.rev16_text), (4 bytes).
    Removing stm32f4xx_it.o(.revsh_text), (4 bytes).
    Removing system_stm32f4xx.o(.rev16_text), (4 bytes).
    Removing system_stm32f4xx.o(.revsh_text), (4 bytes).
    Removing dcmi_ov9655.o(.rev16_text), (4 bytes).
    Removing dcmi_ov9655.o(.revsh_text), (4 bytes).
    Removing usart.o(.rev16_text), (4 bytes).
    Removing usart.o(.revsh_text), (4 bytes).
    Removing stm32f4_discovery.o(.rev16_text), (4 bytes).
    Removing stm32f4_discovery.o(.revsh_text), (4 bytes).
    Removing stm32f4_discovery.o(.text), (488 bytes).
    Removing stm32f4_discovery.o(.constdata), (84 bytes).
    Removing stm32f4_discovery.o(.data), (44 bytes).
    Removing stm32f4_discovery.o(.data), (4 bytes).
    Removing stm32f4xx_usart.o(.rev16_text), (4 bytes).
    Removing stm32f4xx_usart.o(.revsh_text), (4 bytes).
    Removing misc.o(.rev16_text), (4 bytes).
    Removing misc.o(.revsh_text), (4 bytes).
    Removing stm32f4xx_dcmi.o(.rev16_text), (4 bytes).
    Removing stm32f4xx_dcmi.o(.revsh_text), (4 bytes).
    Removing stm32f4xx_dma.o(.rev16_text), (4 bytes).
    Removing stm32f4xx_dma.o(.revsh_text), (4 bytes).
    Removing stm32f4xx_exti.o(.rev16_text), (4 bytes).
    Removing stm32f4xx_exti.o(.revsh_text), (4 bytes).
    Removing stm32f4xx_fsmc.o(.rev16_text), (4 bytes).
    Removing stm32f4xx_fsmc.o(.revsh_text), (4 bytes).
    Removing stm32f4xx_fsmc.o(.text), (1204 bytes).
    Removing stm32f4xx_gpio.o(.rev16_text), (4 bytes).
    Removing stm32f4xx_gpio.o(.revsh_text), (4 bytes).
    Removing stm32f4xx_rcc.o(.rev16_text), (4 bytes).
    Removing stm32f4xx_rcc.o(.revsh_text), (4 bytes).
    Removing stm32f4xx_spi.o(.rev16_text), (4 bytes).
    Removing stm32f4xx_spi.o(.revsh_text), (4 bytes).
    Removing stm32f4xx_spi.o(.text), (820 bytes).
    Removing stm32f4xx_syscfg.o(.rev16_text), (4 bytes).
    Removing stm32f4xx_syscfg.o(.revsh_text), (4 bytes).
    Removing stm32f4xx_syscfg.o(.text), (108 bytes).
    Removing stm32f4xx_i2c.o(.rev16_text), (4 bytes).
    Removing stm32f4xx_i2c.o(.revsh_text), (4 bytes).
    Removing startup_stm32f4xx.o(HEAP), (512 bytes).
    Removing dadd.o(.text), (334 bytes).
    Removing dmul.o(.text), (228 bytes).
    Removing ddiv.o(.text), (222 bytes).
    Removing dfixul.o(.text), (48 bytes).
    Removing cdrcmple.o(.text), (40 bytes).
    Removing depilogue.o(.text), (190 bytes).

49 unused section(s) (total 4470 bytes) removed from the image.

==============================================================================

Image Symbol Table

    Local Symbols

    Symbol Name                              Value     Ov Type        Size  Object(Section)

    ../clib/microlib/division.c              0x00000000   Number         0  uldiv.o ABSOLUTE
    ../clib/microlib/division.c              0x00000000   Number         0  uidiv.o ABSOLUTE
    ../clib/microlib/init/entry.s            0x00000000   Number         0  entry10a.o ABSOLUTE
    ../clib/microlib/init/entry.s            0x00000000   Number         0  entry9b.o ABSOLUTE
    ../clib/microlib/init/entry.s            0x00000000   Number         0  entry8a.o ABSOLUTE
    ../clib/microlib/init/entry.s            0x00000000   Number         0  entry9a.o ABSOLUTE
    ../clib/microlib/init/entry.s            0x00000000   Number         0  entry8b.o ABSOLUTE
    ../clib/microlib/init/entry.s            0x00000000   Number         0  entry2.o ABSOLUTE
    ../clib/microlib/init/entry.s            0x00000000   Number         0  entry5.o ABSOLUTE
    ../clib/microlib/init/entry.s            0x00000000   Number         0  entry7a.o ABSOLUTE
    ../clib/microlib/init/entry.s            0x00000000   Number         0  entry7b.o ABSOLUTE
    ../clib/microlib/init/entry.s            0x00000000   Number         0  entry11b.o ABSOLUTE
    ../clib/microlib/init/entry.s            0x00000000   Number         0  entry11a.o ABSOLUTE
    ../clib/microlib/init/entry.s            0x00000000   Number         0  entry10b.o ABSOLUTE
    ../clib/microlib/init/entry.s            0x00000000   Number         0  entry.o ABSOLUTE
    ../clib/microlib/longlong.c              0x00000000   Number         0  llshl.o ABSOLUTE
    ../clib/microlib/longlong.c              0x00000000   Number         0  llsshr.o ABSOLUTE
    ../clib/microlib/longlong.c              0x00000000   Number         0  llushr.o ABSOLUTE
    ../clib/microlib/printf/printf.c         0x00000000   Number         0  printf4.o ABSOLUTE
    ../clib/microlib/printf/printf.c         0x00000000   Number         0  printf2.o ABSOLUTE
    ../clib/microlib/printf/printf.c         0x00000000   Number         0  printf3.o ABSOLUTE
    ../clib/microlib/printf/printf.c         0x00000000   Number         0  printf5.o ABSOLUTE
    ../clib/microlib/printf/printf.c         0x00000000   Number         0  printf6.o ABSOLUTE
    ../clib/microlib/printf/printf.c         0x00000000   Number         0  printf7.o ABSOLUTE
    ../clib/microlib/printf/printf.c         0x00000000   Number         0  printf8.o ABSOLUTE
    ../clib/microlib/printf/printf.c         0x00000000   Number         0  printfa.o ABSOLUTE
    ../clib/microlib/printf/printf.c         0x00000000   Number         0  printf0.o ABSOLUTE
    ../clib/microlib/printf/printf.c         0x00000000   Number         0  printf1.o ABSOLUTE
    ../clib/microlib/printf/printf.c         0x00000000   Number         0  printfb.o ABSOLUTE
    ../clib/microlib/printf/stubs.s          0x00000000   Number         0  stubs.o ABSOLUTE
    ../clib/microlib/stdio/fputc.c           0x00000000   Number         0  fputc.o ABSOLUTE
    ../clib/microlib/stdio/semi.s            0x00000000   Number         0  semi.o ABSOLUTE
    ../clib/microlib/stdio/streams.c         0x00000000   Number         0  stdout.o ABSOLUTE
    ../clib/microlib/stubs.s                 0x00000000   Number         0  iusefp.o ABSOLUTE
    ../clib/microlib/stubs.s                 0x00000000   Number         0  iusesemip.o ABSOLUTE
    ../fplib/microlib/fpadd.c                0x00000000   Number         0  dadd.o ABSOLUTE
    ../fplib/microlib/fpdiv.c                0x00000000   Number         0  ddiv.o ABSOLUTE
    ../fplib/microlib/fpepilogue.c           0x00000000   Number         0  depilogue.o ABSOLUTE
    ../fplib/microlib/fpfix.c                0x00000000   Number         0  dfixul.o ABSOLUTE
    ../fplib/microlib/fpmul.c                0x00000000   Number         0  dmul.o ABSOLUTE
    ..\..\..\Libraries\CMSIS\Device\ST\STM32F4xx\Source\Templates\arm\startup_stm32f4xx.s 0x00000000   Number         0  startup_stm32f4xx.o ABSOLUTE
    ..\..\..\Libraries\STM32F4xx_StdPeriph_Driver\src\misc.c 0x00000000   Number         0  misc.o ABSOLUTE
    ..\..\..\Libraries\STM32F4xx_StdPeriph_Driver\src\stm32f4xx_dcmi.c 0x00000000   Number         0  stm32f4xx_dcmi.o ABSOLUTE
    ..\..\..\Libraries\STM32F4xx_StdPeriph_Driver\src\stm32f4xx_dma.c 0x00000000   Number         0  stm32f4xx_dma.o ABSOLUTE
    ..\..\..\Libraries\STM32F4xx_StdPeriph_Driver\src\stm32f4xx_exti.c 0x00000000   Number         0  stm32f4xx_exti.o ABSOLUTE
    ..\..\..\Libraries\STM32F4xx_StdPeriph_Driver\src\stm32f4xx_fsmc.c 0x00000000   Number         0  stm32f4xx_fsmc.o ABSOLUTE
    ..\..\..\Libraries\STM32F4xx_StdPeriph_Driver\src\stm32f4xx_gpio.c 0x00000000   Number         0  stm32f4xx_gpio.o ABSOLUTE
    ..\..\..\Libraries\STM32F4xx_StdPeriph_Driver\src\stm32f4xx_i2c.c 0x00000000   Number         0  stm32f4xx_i2c.o ABSOLUTE
    ..\..\..\Libraries\STM32F4xx_StdPeriph_Driver\src\stm32f4xx_rcc.c 0x00000000   Number         0  stm32f4xx_rcc.o ABSOLUTE
    ..\..\..\Libraries\STM32F4xx_StdPeriph_Driver\src\stm32f4xx_spi.c 0x00000000   Number         0  stm32f4xx_spi.o ABSOLUTE
    ..\..\..\Libraries\STM32F4xx_StdPeriph_Driver\src\stm32f4xx_syscfg.c 0x00000000   Number         0  stm32f4xx_syscfg.o ABSOLUTE
    ..\..\..\Libraries\STM32F4xx_StdPeriph_Driver\src\stm32f4xx_usart.c 0x00000000   Number         0  stm32f4xx_usart.o ABSOLUTE
    ..\..\..\Utilities\STM32F4-Discovery\stm32f4_discovery.c 0x00000000   Number         0  stm32f4_discovery.o ABSOLUTE
    ..\\..\\..\\Libraries\\STM32F4xx_StdPeriph_Driver\\src\\misc.c 0x00000000   Number         0  misc.o ABSOLUTE
    ..\\..\\..\\Libraries\\STM32F4xx_StdPeriph_Driver\\src\\stm32f4xx_dcmi.c 0x00000000   Number         0  stm32f4xx_dcmi.o ABSOLUTE
    ..\\..\\..\\Libraries\\STM32F4xx_StdPeriph_Driver\\src\\stm32f4xx_dma.c 0x00000000   Number         0  stm32f4xx_dma.o ABSOLUTE
    ..\\..\\..\\Libraries\\STM32F4xx_StdPeriph_Driver\\src\\stm32f4xx_exti.c 0x00000000   Number         0  stm32f4xx_exti.o ABSOLUTE
    ..\\..\\..\\Libraries\\STM32F4xx_StdPeriph_Driver\\src\\stm32f4xx_fsmc.c 0x00000000   Number         0  stm32f4xx_fsmc.o ABSOLUTE
    ..\\..\\..\\Libraries\\STM32F4xx_StdPeriph_Driver\\src\\stm32f4xx_gpio.c 0x00000000   Number         0  stm32f4xx_gpio.o ABSOLUTE
    ..\\..\\..\\Libraries\\STM32F4xx_StdPeriph_Driver\\src\\stm32f4xx_i2c.c 0x00000000   Number         0  stm32f4xx_i2c.o ABSOLUTE
    ..\\..\\..\\Libraries\\STM32F4xx_StdPeriph_Driver\\src\\stm32f4xx_rcc.c 0x00000000   Number         0  stm32f4xx_rcc.o ABSOLUTE
    ..\\..\\..\\Libraries\\STM32F4xx_StdPeriph_Driver\\src\\stm32f4xx_spi.c 0x00000000   Number         0  stm32f4xx_spi.o ABSOLUTE
    ..\\..\\..\\Libraries\\STM32F4xx_StdPeriph_Driver\\src\\stm32f4xx_syscfg.c 0x00000000   Number         0  stm32f4xx_syscfg.o ABSOLUTE
    ..\\..\\..\\Libraries\\STM32F4xx_StdPeriph_Driver\\src\\stm32f4xx_usart.c 0x00000000   Number         0  stm32f4xx_usart.o ABSOLUTE
    ..\\..\\..\\Utilities\\STM32F4-Discovery\\stm32f4_discovery.c 0x00000000   Number         0  stm32f4_discovery.o ABSOLUTE
    ..\\src\\dcmi_ov9655.c                   0x00000000   Number         0  dcmi_ov9655.o ABSOLUTE
    ..\\src\\main.c                          0x00000000   Number         0  main.o ABSOLUTE
    ..\\src\\stm32f4xx_it.c                  0x00000000   Number         0  stm32f4xx_it.o ABSOLUTE
    ..\\src\\system_stm32f4xx.c              0x00000000   Number         0  system_stm32f4xx.o ABSOLUTE
    ..\\src\\usart.c                         0x00000000   Number         0  usart.o ABSOLUTE
    ..\dct.c                                 0x00000000   Number         0  dct.o ABSOLUTE
    ..\jpegenc.c                             0x00000000   Number         0  jpegenc.o ABSOLUTE
    ..\src\dcmi_ov9655.c                     0x00000000   Number         0  dcmi_ov9655.o ABSOLUTE
    ..\src\main.c                            0x00000000   Number         0  main.o ABSOLUTE
    ..\src\stm32f4xx_it.c                    0x00000000   Number         0  stm32f4xx_it.o ABSOLUTE
    ..\src\system_stm32f4xx.c                0x00000000   Number         0  system_stm32f4xx.o ABSOLUTE
    ..\src\usart.c                           0x00000000   Number         0  usart.o ABSOLUTE
    cdrcmple.s                               0x00000000   Number         0  cdrcmple.o ABSOLUTE
    dc.s                                     0x00000000   Number         0  dc.o ABSOLUTE
    handlers.s                               0x00000000   Number         0  handlers.o ABSOLUTE
    init.s                                   0x00000000   Number         0  init.o ABSOLUTE
    RESET                                    0x08000000   Section      392  startup_stm32f4xx.o(RESET)
    .ARM.Collect$$$$00000000                 0x08000188   Section        0  entry.o(.ARM.Collect$$$$00000000)
    .ARM.Collect$$$$00000001                 0x08000188   Section        4  entry2.o(.ARM.Collect$$$$00000001)
    .ARM.Collect$$$$00000004                 0x0800018c   Section        4  entry5.o(.ARM.Collect$$$$00000004)
    .ARM.Collect$$$$00000008                 0x08000190   Section        0  entry7b.o(.ARM.Collect$$$$00000008)
    .ARM.Collect$$$$0000000A                 0x08000190   Section        0  entry8b.o(.ARM.Collect$$$$0000000A)
    .ARM.Collect$$$$0000000B                 0x08000190   Section        8  entry9a.o(.ARM.Collect$$$$0000000B)
    .ARM.Collect$$$$0000000D                 0x08000198   Section        0  entry10a.o(.ARM.Collect$$$$0000000D)
    .ARM.Collect$$$$0000000F                 0x08000198   Section        0  entry11a.o(.ARM.Collect$$$$0000000F)
    .ARM.Collect$$$$00002712                 0x08000198   Section        4  entry2.o(.ARM.Collect$$$$00002712)
    __lit__00000000                          0x08000198   Data           4  entry2.o(.ARM.Collect$$$$00002712)
    .text                                    0x0800019c   Section        0  main.o(.text)
    .text                                    0x08000658   Section        0  stm32f4xx_it.o(.text)
    .text                                    0x0800068c   Section        0  system_stm32f4xx.o(.text)
    SetSysClock                              0x0800068d   Thumb Code   168  system_stm32f4xx.o(.text)
    .text                                    0x0800081c   Section        0  dcmi_ov9655.o(.text)
    .text                                    0x08000a34   Section        0  usart.o(.text)
    .text                                    0x08000b2c   Section        0  dct.o(.text)
    .text                                    0x08000e14   Section        0  jpegenc.o(.text)
    quantize                                 0x08000e15   Thumb Code    16  jpegenc.o(.text)
    writebyte                                0x08000e25   Thumb Code    34  jpegenc.o(.text)
    writeword                                0x08000e47   Thumb Code    18  jpegenc.o(.text)
    write_APP0info                           0x08000e59   Thumb Code    90  jpegenc.o(.text)
    write_SOF0info                           0x08000eb3   Thumb Code   100  jpegenc.o(.text)
    write_SOSinfo                            0x08000f17   Thumb Code    78  jpegenc.o(.text)
    write_DQTinfo                            0x08000f65   Thumb Code    72  jpegenc.o(.text)
    write_DHTinfo                            0x08000fad   Thumb Code   186  jpegenc.o(.text)
    write_DRIinfo                            0x08001067   Thumb Code    24  jpegenc.o(.text)
    writebits                                0x0800107f   Thumb Code    58  jpegenc.o(.text)
    flushbits                                0x080010b9   Thumb Code    16  jpegenc.o(.text)
    huffman_bits                             0x080010c9   Thumb Code     6  jpegenc.o(.text)
    huffman_magnitude                        0x080010cf   Thumb Code    22  jpegenc.o(.text)
    .text                                    0x08001378   Section        0  stm32f4xx_usart.o(.text)
    .text                                    0x0800172c   Section        0  misc.o(.text)
    .text                                    0x080017e8   Section        0  stm32f4xx_dcmi.o(.text)
    .text                                    0x08001944   Section        0  stm32f4xx_dma.o(.text)
    .text                                    0x08001c8c   Section        0  stm32f4xx_exti.o(.text)
    .text                                    0x08001d78   Section        0  stm32f4xx_gpio.o(.text)
    .text                                    0x08001f9c   Section        0  stm32f4xx_rcc.o(.text)
    .text                                    0x080023d0   Section        0  stm32f4xx_i2c.o(.text)
    .text                                    0x08002784   Section       36  startup_stm32f4xx.o(.text)
    $v0                                      0x08002784   Number         0  startup_stm32f4xx.o(.text)
    .text                                    0x080027a8   Section        0  uldiv.o(.text)
    .text                                    0x0800280c   Section       36  init.o(.text)
    .text                                    0x08002830   Section        0  llshl.o(.text)
    .text                                    0x0800284e   Section        0  llushr.o(.text)
    i.__0sprintf$5                           0x08002870   Section        0  printf5.o(i.__0sprintf$5)
    i.__scatterload_copy                     0x08002898   Section       14  handlers.o(i.__scatterload_copy)
    i.__scatterload_null                     0x080028a6   Section        2  handlers.o(i.__scatterload_null)
    i.__scatterload_zeroinit                 0x080028a8   Section       14  handlers.o(i.__scatterload_zeroinit)
    i._printf_core                           0x080028b8   Section        0  printf5.o(i._printf_core)
    _printf_core                             0x080028b9   Thumb Code   658  printf5.o(i._printf_core)
    i._sputc                                 0x08002b78   Section        0  printf5.o(i._sputc)
    _sputc                                   0x08002b79   Thumb Code    10  printf5.o(i._sputc)
    .constdata                               0x08002b82   Section      604  jpegenc.o(.constdata)
    qtable_0_lum                             0x08002b82   Data          64  jpegenc.o(.constdata)
    qtable_0_chrom                           0x08002bc2   Data          64  jpegenc.o(.constdata)
    zig                                      0x08002c02   Data          64  jpegenc.o(.constdata)
    std_dc_luminance_nrcodes                 0x08002c42   Data          16  jpegenc.o(.constdata)
    std_dc_luminance_values                  0x08002c52   Data          12  jpegenc.o(.constdata)
    std_dc_chrominance_nrcodes               0x08002c5e   Data          16  jpegenc.o(.constdata)
    std_dc_chrominance_values                0x08002c6e   Data          12  jpegenc.o(.constdata)
    std_ac_luminance_nrcodes                 0x08002c7a   Data          16  jpegenc.o(.constdata)
    std_ac_luminance_values                  0x08002c8a   Data         162  jpegenc.o(.constdata)
    std_ac_chrominance_nrcodes               0x08002d2c   Data          16  jpegenc.o(.constdata)
    std_ac_chrominance_values                0x08002d3c   Data         162  jpegenc.o(.constdata)
    .constdata                               0x08002dde   Section       64  jpegenc.o(.constdata)
    qtable_lum                               0x08002dde   Data          64  jpegenc.o(.constdata)
    .constdata                               0x08002e1e   Section       64  jpegenc.o(.constdata)
    qtable_chrom                             0x08002e1e   Data          64  jpegenc.o(.constdata)
    .constdata                               0x08002e5e   Section       12  jpegenc.o(.constdata)
    HYDClen                                  0x08002e5e   Data          12  jpegenc.o(.constdata)
    .constdata                               0x08002e6a   Section       12  jpegenc.o(.constdata)
    HCDClen                                  0x08002e6a   Data          12  jpegenc.o(.constdata)
    .constdata                               0x08002e76   Section       24  jpegenc.o(.constdata)
    HYDCbits                                 0x08002e76   Data          24  jpegenc.o(.constdata)
    .constdata                               0x08002e8e   Section       24  jpegenc.o(.constdata)
    HCDCbits                                 0x08002e8e   Data          24  jpegenc.o(.constdata)
    .constdata                               0x08002ea6   Section      192  jpegenc.o(.constdata)
    HYAClen                                  0x08002ea6   Data         192  jpegenc.o(.constdata)
    .constdata                               0x08002f66   Section      384  jpegenc.o(.constdata)
    HYACbits                                 0x08002f66   Data         384  jpegenc.o(.constdata)
    .constdata                               0x080030e6   Section      192  jpegenc.o(.constdata)
    HCAClen                                  0x080030e6   Data         192  jpegenc.o(.constdata)
    .constdata                               0x080031a6   Section      384  jpegenc.o(.constdata)
    HCACbits                                 0x080031a6   Data         384  jpegenc.o(.constdata)
    .data                                    0x20000000   Section        1  main.o(.data)
    .data                                    0x20000004   Section        8  main.o(.data)
    frame_done                               0x20000004   Data           1  main.o(.data)
    .data                                    0x2000000c   Section       20  system_stm32f4xx.o(.data)
    .data                                    0x20000020   Section        1  usart.o(.data)
    cnt                                      0x20000020   Data           1  usart.o(.data)
    .data                                    0x20000024   Section       84  jpegenc.o(.data)
    jpgn                                     0x20000024   Data           4  jpegenc.o(.data)
    bitbuf                                   0x20000028   Data           8  jpegenc.o(.data)
    .data                                    0x20000078   Section       16  stm32f4xx_rcc.o(.data)
    APBAHBPrescTable                         0x20000078   Data          16  stm32f4xx_rcc.o(.data)
    .bss                                     0x20000088   Section    43216  main.o(.bss)
    .bss                                     0x2000a958   Section       13  usart.o(.bss)
    .bss                                     0x2000a966   Section      640  jpegenc.o(.bss)
    STACK                                    0x2000abe8   Section     2048  startup_stm32f4xx.o(STACK)

    Global Symbols

    Symbol Name                              Value     Ov Type        Size  Object(Section)

    BuildAttributes$$THM_ISAv4$E$P$D$K$B$S$7EM$VFPi3$EXTD16$VFPS$VFMA$PE$A:L22UL41UL21$X:L11$S22US41US21$IEEE1$IW$USESV6$~STKCKD$USESV7$~SHL$OSPACE$ROPI$EBA8$MICROLIB$REQ8$PRES8$EABIv2 0x00000000   Number         0  anon$$obj.o ABSOLUTE
    __ARM_use_no_argv                        0x00000000   Number         0  main.o ABSOLUTE
    _printf_a                                0x00000000   Number         0  stubs.o ABSOLUTE
    _printf_c                                0x00000000   Number         0  stubs.o ABSOLUTE
    _printf_charcount                        0x00000000   Number         0  stubs.o ABSOLUTE
    _printf_d                                0x00000000   Number         0  stubs.o ABSOLUTE
    _printf_e                                0x00000000   Number         0  stubs.o ABSOLUTE
    _printf_f                                0x00000000   Number         0  stubs.o ABSOLUTE
    _printf_flags                            0x00000000   Number         0  stubs.o ABSOLUTE
    _printf_fp_dec                           0x00000000   Number         0  stubs.o ABSOLUTE
    _printf_fp_hex                           0x00000000   Number         0  stubs.o ABSOLUTE
    _printf_g                                0x00000000   Number         0  stubs.o ABSOLUTE
    _printf_i                                0x00000000   Number         0  stubs.o ABSOLUTE
    _printf_int_dec                          0x00000000   Number         0  stubs.o ABSOLUTE
    _printf_l                                0x00000000   Number         0  stubs.o ABSOLUTE
    _printf_lc                               0x00000000   Number         0  stubs.o ABSOLUTE
    _printf_ll                               0x00000000   Number         0  stubs.o ABSOLUTE
    _printf_lld                              0x00000000   Number         0  stubs.o ABSOLUTE
    _printf_lli                              0x00000000   Number         0  stubs.o ABSOLUTE
    _printf_llo                              0x00000000   Number         0  stubs.o ABSOLUTE
    _printf_llu                              0x00000000   Number         0  stubs.o ABSOLUTE
    _printf_llx                              0x00000000   Number         0  stubs.o ABSOLUTE
    _printf_longlong_dec                     0x00000000   Number         0  stubs.o ABSOLUTE
    _printf_longlong_hex                     0x00000000   Number         0  stubs.o ABSOLUTE
    _printf_longlong_oct                     0x00000000   Number         0  stubs.o ABSOLUTE
    _printf_ls                               0x00000000   Number         0  stubs.o ABSOLUTE
    _printf_mbtowc                           0x00000000   Number         0  stubs.o ABSOLUTE
    _printf_n                                0x00000000   Number         0  stubs.o ABSOLUTE
    _printf_o                                0x00000000   Number         0  stubs.o ABSOLUTE
    _printf_p                                0x00000000   Number         0  stubs.o ABSOLUTE
    _printf_percent                          0x00000000   Number         0  stubs.o ABSOLUTE
    _printf_pre_padding                      0x00000000   Number         0  stubs.o ABSOLUTE
    _printf_return_value                     0x00000000   Number         0  stubs.o ABSOLUTE
    _printf_s                                0x00000000   Number         0  stubs.o ABSOLUTE
    _printf_sizespec                         0x00000000   Number         0  stubs.o ABSOLUTE
    _printf_str                              0x00000000   Number         0  stubs.o ABSOLUTE
    _printf_truncate_signed                  0x00000000   Number         0  stubs.o ABSOLUTE
    _printf_truncate_unsigned                0x00000000   Number         0  stubs.o ABSOLUTE
    _printf_u                                0x00000000   Number         0  stubs.o ABSOLUTE
    _printf_wc                               0x00000000   Number         0  stubs.o ABSOLUTE
    _printf_wctomb                           0x00000000   Number         0  stubs.o ABSOLUTE
    _printf_widthprec                        0x00000000   Number         0  stubs.o ABSOLUTE
    _printf_x                                0x00000000   Number         0  stubs.o ABSOLUTE
    __cpp_initialize__aeabi_                  - Undefined Weak Reference
    __cxa_finalize                            - Undefined Weak Reference
    __decompress                              - Undefined Weak Reference
    _clock_init                               - Undefined Weak Reference
    _microlib_exit                            - Undefined Weak Reference
    __Vectors_Size                           0x00000188   Number         0  startup_stm32f4xx.o ABSOLUTE
    __Vectors                                0x08000000   Data           4  startup_stm32f4xx.o(RESET)
    __Vectors_End                            0x08000188   Data           0  startup_stm32f4xx.o(RESET)
    __main                                   0x08000189   Thumb Code     0  entry.o(.ARM.Collect$$$$00000000)
    _main_stk                                0x08000189   Thumb Code     0  entry2.o(.ARM.Collect$$$$00000001)
    _main_scatterload                        0x0800018d   Thumb Code     0  entry5.o(.ARM.Collect$$$$00000004)
    __main_after_scatterload                 0x08000191   Thumb Code     0  entry5.o(.ARM.Collect$$$$00000004)
    _main_clock                              0x08000191   Thumb Code     0  entry7b.o(.ARM.Collect$$$$00000008)
    _main_cpp_init                           0x08000191   Thumb Code     0  entry8b.o(.ARM.Collect$$$$0000000A)
    _main_init                               0x08000191   Thumb Code     0  entry9a.o(.ARM.Collect$$$$0000000B)
    __rt_final_cpp                           0x08000199   Thumb Code     0  entry10a.o(.ARM.Collect$$$$0000000D)
    __rt_final_exit                          0x08000199   Thumb Code     0  entry11a.o(.ARM.Collect$$$$0000000F)
    write_jpeg                               0x0800019d   Thumb Code    42  main.o(.text)
    DCMI_Config                              0x080001c7   Thumb Code   374  main.o(.text)
    Delay                                    0x0800033d   Thumb Code    12  main.o(.text)
    I2C1_Config                              0x08000349   Thumb Code   142  main.o(.text)
    DCMI_OV9655Config                        0x080003d7   Thumb Code   212  main.o(.text)
    main                                     0x080004ab   Thumb Code   338  main.o(.text)
    DMA2_Stream1_IRQHandler                  0x080005fd   Thumb Code    50  main.o(.text)
    TimingDelay_Decrement                    0x0800062f   Thumb Code    16  main.o(.text)
    NMI_Handler                              0x08000659   Thumb Code     2  stm32f4xx_it.o(.text)
    HardFault_Handler                        0x0800065b   Thumb Code     2  stm32f4xx_it.o(.text)
    MemManage_Handler                        0x0800065d   Thumb Code     2  stm32f4xx_it.o(.text)
    BusFault_Handler                         0x0800065f   Thumb Code     2  stm32f4xx_it.o(.text)
    UsageFault_Handler                       0x08000661   Thumb Code     2  stm32f4xx_it.o(.text)
    SVC_Handler                              0x08000663   Thumb Code     2  stm32f4xx_it.o(.text)
    DebugMon_Handler                         0x08000665   Thumb Code     2  stm32f4xx_it.o(.text)
    PendSV_Handler                           0x08000667   Thumb Code     2  stm32f4xx_it.o(.text)
    SysTick_Handler                          0x08000669   Thumb Code     4  stm32f4xx_it.o(.text)
    EXTI0_IRQHandler                         0x0800066d   Thumb Code    26  stm32f4xx_it.o(.text)
    SystemInit                               0x08000735   Thumb Code    74  system_stm32f4xx.o(.text)
    SystemCoreClockUpdate                    0x0800077f   Thumb Code   122  system_stm32f4xx.o(.text)
    DCMI_SingleRandomWrite                   0x0800081d   Thumb Code   174  dcmi_ov9655.o(.text)
    DCMI_OV9655_QVGASizeSetup                0x080008cb   Thumb Code    34  dcmi_ov9655.o(.text)
    DCMI_OV9655_QQVGASizeSetup               0x080008ed   Thumb Code     2  dcmi_ov9655.o(.text)
    DCMI_OV9655_SetRegister                  0x080008ef   Thumb Code     8  dcmi_ov9655.o(.text)
    DCMI_SingleRandomRead                    0x080008f7   Thumb Code   264  dcmi_ov9655.o(.text)
    tw9910_mask_set                          0x080009ff   Thumb Code    40  dcmi_ov9655.o(.text)
    init_USART1                              0x08000a35   Thumb Code   124  usart.o(.text)
    USART_puts                               0x08000ab1   Thumb Code    34  usart.o(.text)
    USART_writebyte                          0x08000ad3   Thumb Code    12  usart.o(.text)
    USART1_IRQHandler                        0x08000adf   Thumb Code    58  usart.o(.text)
    dct                                      0x08000b2d   Thumb Code   742  dct.o(.text)
    huffman_start                            0x080010e5   Thumb Code    70  jpegenc.o(.text)
    huffman_resetdc                          0x0800112b   Thumb Code    16  jpegenc.o(.text)
    huffman_stop                             0x0800113b   Thumb Code    34  jpegenc.o(.text)
    huffman_encode                           0x0800115d   Thumb Code   252  jpegenc.o(.text)
    write_RSI                                0x08001259   Thumb Code    44  jpegenc.o(.text)
    encode_line_yuv                          0x08001285   Thumb Code   232  jpegenc.o(.text)
    USART_DeInit                             0x08001379   Thumb Code   168  stm32f4xx_usart.o(.text)
    USART_Init                               0x08001421   Thumb Code   180  stm32f4xx_usart.o(.text)
    USART_StructInit                         0x080014d5   Thumb Code    22  stm32f4xx_usart.o(.text)
    USART_ClockInit                          0x080014eb   Thumb Code    28  stm32f4xx_usart.o(.text)
    USART_ClockStructInit                    0x08001507   Thumb Code    12  stm32f4xx_usart.o(.text)
    USART_Cmd                                0x08001513   Thumb Code    24  stm32f4xx_usart.o(.text)
    USART_SetPrescaler                       0x0800152b   Thumb Code    16  stm32f4xx_usart.o(.text)
    USART_OverSampling8Cmd                   0x0800153b   Thumb Code    24  stm32f4xx_usart.o(.text)
    USART_OneBitMethodCmd                    0x08001553   Thumb Code    24  stm32f4xx_usart.o(.text)
    USART_SendData                           0x0800156b   Thumb Code     8  stm32f4xx_usart.o(.text)
    USART_ReceiveData                        0x08001573   Thumb Code     8  stm32f4xx_usart.o(.text)
    USART_SetAddress                         0x0800157b   Thumb Code    16  stm32f4xx_usart.o(.text)
    USART_ReceiverWakeUpCmd                  0x0800158b   Thumb Code    24  stm32f4xx_usart.o(.text)
    USART_WakeUpConfig                       0x080015a3   Thumb Code    16  stm32f4xx_usart.o(.text)
    USART_LINBreakDetectLengthConfig         0x080015b3   Thumb Code    16  stm32f4xx_usart.o(.text)
    USART_LINCmd                             0x080015c3   Thumb Code    24  stm32f4xx_usart.o(.text)
    USART_SendBreak                          0x080015db   Thumb Code    10  stm32f4xx_usart.o(.text)
    USART_HalfDuplexCmd                      0x080015e5   Thumb Code    24  stm32f4xx_usart.o(.text)
    USART_SetGuardTime                       0x080015fd   Thumb Code    16  stm32f4xx_usart.o(.text)
    USART_SmartCardCmd                       0x0800160d   Thumb Code    24  stm32f4xx_usart.o(.text)
    USART_SmartCardNACKCmd                   0x08001625   Thumb Code    24  stm32f4xx_usart.o(.text)
    USART_IrDAConfig                         0x0800163d   Thumb Code    16  stm32f4xx_usart.o(.text)
    USART_IrDACmd                            0x0800164d   Thumb Code    24  stm32f4xx_usart.o(.text)
    USART_DMACmd                             0x08001665   Thumb Code    20  stm32f4xx_usart.o(.text)
    USART_ITConfig                           0x08001679   Thumb Code    54  stm32f4xx_usart.o(.text)
    USART_GetFlagStatus                      0x080016af   Thumb Code    14  stm32f4xx_usart.o(.text)
    USART_ClearFlag                          0x080016bd   Thumb Code     8  stm32f4xx_usart.o(.text)
    USART_GetITStatus                        0x080016c5   Thumb Code    64  stm32f4xx_usart.o(.text)
    USART_ClearITPendingBit                  0x08001705   Thumb Code    16  stm32f4xx_usart.o(.text)
    NVIC_PriorityGroupConfig                 0x0800172d   Thumb Code    10  misc.o(.text)
    NVIC_Init                                0x08001737   Thumb Code    94  misc.o(.text)
    NVIC_SetVectorTable                      0x08001795   Thumb Code    14  misc.o(.text)
    NVIC_SystemLPConfig                      0x080017a3   Thumb Code    24  misc.o(.text)
    SysTick_CLKSourceConfig                  0x080017bb   Thumb Code    28  misc.o(.text)
    DCMI_DeInit                              0x080017e9   Thumb Code    22  stm32f4xx_dcmi.o(.text)
    DCMI_Init                                0x080017ff   Thumb Code    54  stm32f4xx_dcmi.o(.text)
    DCMI_StructInit                          0x08001835   Thumb Code    18  stm32f4xx_dcmi.o(.text)
    DCMI_CROPConfig                          0x08001847   Thumb Code    24  stm32f4xx_dcmi.o(.text)
    DCMI_CROPCmd                             0x0800185f   Thumb Code    26  stm32f4xx_dcmi.o(.text)
    DCMI_SetEmbeddedSynchroCodes             0x08001879   Thumb Code    26  stm32f4xx_dcmi.o(.text)
    DCMI_JPEGCmd                             0x08001893   Thumb Code    26  stm32f4xx_dcmi.o(.text)
    DCMI_Cmd                                 0x080018ad   Thumb Code    26  stm32f4xx_dcmi.o(.text)
    DCMI_CaptureCmd                          0x080018c7   Thumb Code    26  stm32f4xx_dcmi.o(.text)
    DCMI_ReadData                            0x080018e1   Thumb Code     6  stm32f4xx_dcmi.o(.text)
    DCMI_ITConfig                            0x080018e7   Thumb Code    26  stm32f4xx_dcmi.o(.text)
    DCMI_GetFlagStatus                       0x08001901   Thumb Code    34  stm32f4xx_dcmi.o(.text)
    DCMI_ClearFlag                           0x08001923   Thumb Code     6  stm32f4xx_dcmi.o(.text)
    DCMI_GetITStatus                         0x08001929   Thumb Code    18  stm32f4xx_dcmi.o(.text)
    DCMI_ClearITPendingBit                   0x0800193b   Thumb Code     6  stm32f4xx_dcmi.o(.text)
    DMA_DeInit                               0x08001945   Thumb Code   278  stm32f4xx_dma.o(.text)
    DMA_Init                                 0x08001a5b   Thumb Code    80  stm32f4xx_dma.o(.text)
    DMA_StructInit                           0x08001aab   Thumb Code    34  stm32f4xx_dma.o(.text)
    DMA_Cmd                                  0x08001acd   Thumb Code    24  stm32f4xx_dma.o(.text)
    DMA_PeriphIncOffsetSizeConfig            0x08001ae5   Thumb Code    24  stm32f4xx_dma.o(.text)
    DMA_FlowControllerConfig                 0x08001afd   Thumb Code    24  stm32f4xx_dma.o(.text)
    DMA_SetCurrDataCounter                   0x08001b15   Thumb Code     4  stm32f4xx_dma.o(.text)
    DMA_GetCurrDataCounter                   0x08001b19   Thumb Code     6  stm32f4xx_dma.o(.text)
    DMA_DoubleBufferModeConfig               0x08001b1f   Thumb Code    26  stm32f4xx_dma.o(.text)
    DMA_DoubleBufferModeCmd                  0x08001b39   Thumb Code    24  stm32f4xx_dma.o(.text)
    DMA_MemoryTargetConfig                   0x08001b51   Thumb Code    12  stm32f4xx_dma.o(.text)
    DMA_GetCurrentMemoryTarget               0x08001b5d   Thumb Code    16  stm32f4xx_dma.o(.text)
    DMA_GetCmdStatus                         0x08001b6d   Thumb Code    14  stm32f4xx_dma.o(.text)
    DMA_GetFIFOStatus                        0x08001b7b   Thumb Code     8  stm32f4xx_dma.o(.text)
    DMA_GetFlagStatus                        0x08001b83   Thumb Code    42  stm32f4xx_dma.o(.text)
    DMA_ClearFlag                            0x08001bad   Thumb Code    34  stm32f4xx_dma.o(.text)
    DMA_ITConfig                             0x08001bcf   Thumb Code    52  stm32f4xx_dma.o(.text)
    DMA_GetITStatus                          0x08001c03   Thumb Code    70  stm32f4xx_dma.o(.text)
    DMA_ClearITPendingBit                    0x08001c49   Thumb Code    34  stm32f4xx_dma.o(.text)
    EXTI_DeInit                              0x08001c8d   Thumb Code    28  stm32f4xx_exti.o(.text)
    EXTI_Init                                0x08001ca9   Thumb Code   110  stm32f4xx_exti.o(.text)
    EXTI_StructInit                          0x08001d17   Thumb Code    14  stm32f4xx_exti.o(.text)
    EXTI_GenerateSWInterrupt                 0x08001d25   Thumb Code    12  stm32f4xx_exti.o(.text)
    EXTI_GetFlagStatus                       0x08001d31   Thumb Code    18  stm32f4xx_exti.o(.text)
    EXTI_ClearFlag                           0x08001d43   Thumb Code     8  stm32f4xx_exti.o(.text)
    EXTI_GetITStatus                         0x08001d4b   Thumb Code    28  stm32f4xx_exti.o(.text)
    EXTI_ClearITPendingBit                   0x08001d67   Thumb Code     8  stm32f4xx_exti.o(.text)
    GPIO_DeInit                              0x08001d79   Thumb Code   240  stm32f4xx_gpio.o(.text)
    GPIO_Init                                0x08001e69   Thumb Code   124  stm32f4xx_gpio.o(.text)
    GPIO_StructInit                          0x08001ee5   Thumb Code    18  stm32f4xx_gpio.o(.text)
    GPIO_PinLockConfig                       0x08001ef7   Thumb Code    26  stm32f4xx_gpio.o(.text)
    GPIO_ReadInputDataBit                    0x08001f11   Thumb Code    14  stm32f4xx_gpio.o(.text)
    GPIO_ReadInputData                       0x08001f1f   Thumb Code     6  stm32f4xx_gpio.o(.text)
    GPIO_ReadOutputDataBit                   0x08001f25   Thumb Code    14  stm32f4xx_gpio.o(.text)
    GPIO_ReadOutputData                      0x08001f33   Thumb Code     6  stm32f4xx_gpio.o(.text)
    GPIO_SetBits                             0x08001f39   Thumb Code     4  stm32f4xx_gpio.o(.text)
    GPIO_ResetBits                           0x08001f3d   Thumb Code     4  stm32f4xx_gpio.o(.text)
    GPIO_WriteBit                            0x08001f41   Thumb Code    12  stm32f4xx_gpio.o(.text)
    GPIO_Write                               0x08001f4d   Thumb Code     4  stm32f4xx_gpio.o(.text)
    GPIO_ToggleBits                          0x08001f51   Thumb Code     8  stm32f4xx_gpio.o(.text)
    GPIO_PinAFConfig                         0x08001f59   Thumb Code    32  stm32f4xx_gpio.o(.text)
    RCC_DeInit                               0x08001f9d   Thumb Code    48  stm32f4xx_rcc.o(.text)
    RCC_HSEConfig                            0x08001fcd   Thumb Code    12  stm32f4xx_rcc.o(.text)
    RCC_GetFlagStatus                        0x08001fd9   Thumb Code    50  stm32f4xx_rcc.o(.text)
    RCC_WaitForHSEStartUp                    0x0800200b   Thumb Code    48  stm32f4xx_rcc.o(.text)
    RCC_AdjustHSICalibrationValue            0x0800203b   Thumb Code    16  stm32f4xx_rcc.o(.text)
    RCC_HSICmd                               0x0800204b   Thumb Code     6  stm32f4xx_rcc.o(.text)
    RCC_LSEConfig                            0x08002051   Thumb Code    30  stm32f4xx_rcc.o(.text)
    RCC_LSICmd                               0x0800206f   Thumb Code     6  stm32f4xx_rcc.o(.text)
    RCC_PLLConfig                            0x08002075   Thumb Code    34  stm32f4xx_rcc.o(.text)
    RCC_PLLCmd                               0x08002097   Thumb Code     6  stm32f4xx_rcc.o(.text)
    RCC_PLLI2SConfig                         0x0800209d   Thumb Code    14  stm32f4xx_rcc.o(.text)
    RCC_PLLI2SCmd                            0x080020ab   Thumb Code     6  stm32f4xx_rcc.o(.text)
    RCC_ClockSecuritySystemCmd               0x080020b1   Thumb Code     6  stm32f4xx_rcc.o(.text)
    RCC_MCO1Config                           0x080020b7   Thumb Code    18  stm32f4xx_rcc.o(.text)
    RCC_MCO2Config                           0x080020c9   Thumb Code    18  stm32f4xx_rcc.o(.text)
    RCC_SYSCLKConfig                         0x080020db   Thumb Code    16  stm32f4xx_rcc.o(.text)
    RCC_GetSYSCLKSource                      0x080020eb   Thumb Code    12  stm32f4xx_rcc.o(.text)
    RCC_HCLKConfig                           0x080020f7   Thumb Code    16  stm32f4xx_rcc.o(.text)
    RCC_PCLK1Config                          0x08002107   Thumb Code    16  stm32f4xx_rcc.o(.text)
    RCC_PCLK2Config                          0x08002117   Thumb Code    18  stm32f4xx_rcc.o(.text)
    RCC_GetClocksFreq                        0x08002129   Thumb Code   150  stm32f4xx_rcc.o(.text)
    RCC_RTCCLKConfig                         0x080021bf   Thumb Code    42  stm32f4xx_rcc.o(.text)
    RCC_RTCCLKCmd                            0x080021e9   Thumb Code     8  stm32f4xx_rcc.o(.text)
    RCC_BackupResetCmd                       0x080021f1   Thumb Code     8  stm32f4xx_rcc.o(.text)
    RCC_I2SCLKConfig                         0x080021f9   Thumb Code     6  stm32f4xx_rcc.o(.text)
    RCC_AHB1PeriphClockCmd                   0x080021ff   Thumb Code    24  stm32f4xx_rcc.o(.text)
    RCC_AHB2PeriphClockCmd                   0x08002217   Thumb Code    24  stm32f4xx_rcc.o(.text)
    RCC_AHB3PeriphClockCmd                   0x0800222f   Thumb Code    24  stm32f4xx_rcc.o(.text)
    RCC_APB1PeriphClockCmd                   0x08002247   Thumb Code    24  stm32f4xx_rcc.o(.text)
    RCC_APB2PeriphClockCmd                   0x0800225f   Thumb Code    24  stm32f4xx_rcc.o(.text)
    RCC_AHB1PeriphResetCmd                   0x08002277   Thumb Code    24  stm32f4xx_rcc.o(.text)
    RCC_AHB2PeriphResetCmd                   0x0800228f   Thumb Code    24  stm32f4xx_rcc.o(.text)
    RCC_AHB3PeriphResetCmd                   0x080022a7   Thumb Code    24  stm32f4xx_rcc.o(.text)
    RCC_APB1PeriphResetCmd                   0x080022bf   Thumb Code    24  stm32f4xx_rcc.o(.text)
    RCC_APB2PeriphResetCmd                   0x080022d7   Thumb Code    24  stm32f4xx_rcc.o(.text)
    RCC_AHB1PeriphClockLPModeCmd             0x080022ef   Thumb Code    24  stm32f4xx_rcc.o(.text)
    RCC_AHB2PeriphClockLPModeCmd             0x08002307   Thumb Code    24  stm32f4xx_rcc.o(.text)
    RCC_AHB3PeriphClockLPModeCmd             0x0800231f   Thumb Code    24  stm32f4xx_rcc.o(.text)
    RCC_APB1PeriphClockLPModeCmd             0x08002337   Thumb Code    24  stm32f4xx_rcc.o(.text)
    RCC_APB2PeriphClockLPModeCmd             0x0800234f   Thumb Code    24  stm32f4xx_rcc.o(.text)
    RCC_ITConfig                             0x08002367   Thumb Code    62  stm32f4xx_rcc.o(.text)
    RCC_ClearFlag                            0x080023a5   Thumb Code    12  stm32f4xx_rcc.o(.text)
    RCC_GetITStatus                          0x080023b1   Thumb Code    18  stm32f4xx_rcc.o(.text)
    RCC_ClearITPendingBit                    0x080023c3   Thumb Code     8  stm32f4xx_rcc.o(.text)
    I2C_DeInit                               0x080023d1   Thumb Code    88  stm32f4xx_i2c.o(.text)
    I2C_Init                                 0x08002429   Thumb Code   176  stm32f4xx_i2c.o(.text)
    I2C_StructInit                           0x080024d9   Thumb Code    28  stm32f4xx_i2c.o(.text)
    I2C_Cmd                                  0x080024f5   Thumb Code    24  stm32f4xx_i2c.o(.text)
    I2C_GenerateSTART                        0x0800250d   Thumb Code    24  stm32f4xx_i2c.o(.text)
    I2C_GenerateSTOP                         0x08002525   Thumb Code    24  stm32f4xx_i2c.o(.text)
    I2C_Send7bitAddress                      0x0800253d   Thumb Code    18  stm32f4xx_i2c.o(.text)
    I2C_AcknowledgeConfig                    0x0800254f   Thumb Code    24  stm32f4xx_i2c.o(.text)
    I2C_OwnAddress2Config                    0x08002567   Thumb Code    16  stm32f4xx_i2c.o(.text)
    I2C_DualAddressCmd                       0x08002577   Thumb Code    24  stm32f4xx_i2c.o(.text)
    I2C_GeneralCallCmd                       0x0800258f   Thumb Code    24  stm32f4xx_i2c.o(.text)
    I2C_SoftwareResetCmd                     0x080025a7   Thumb Code    24  stm32f4xx_i2c.o(.text)
    I2C_StretchClockCmd                      0x080025bf   Thumb Code    24  stm32f4xx_i2c.o(.text)
    I2C_FastModeDutyCycleConfig              0x080025d7   Thumb Code    26  stm32f4xx_i2c.o(.text)
    I2C_NACKPositionConfig                   0x080025f1   Thumb Code    26  stm32f4xx_i2c.o(.text)
    I2C_SMBusAlertConfig                     0x0800260b   Thumb Code    26  stm32f4xx_i2c.o(.text)
    I2C_ARPCmd                               0x08002625   Thumb Code    24  stm32f4xx_i2c.o(.text)
    I2C_SendData                             0x0800263d   Thumb Code     4  stm32f4xx_i2c.o(.text)
    I2C_ReceiveData                          0x08002641   Thumb Code     6  stm32f4xx_i2c.o(.text)
    I2C_TransmitPEC                          0x08002647   Thumb Code    24  stm32f4xx_i2c.o(.text)
    I2C_PECPositionConfig                    0x0800265f   Thumb Code    26  stm32f4xx_i2c.o(.text)
    I2C_CalculatePEC                         0x08002679   Thumb Code    24  stm32f4xx_i2c.o(.text)
    I2C_GetPEC                               0x08002691   Thumb Code     6  stm32f4xx_i2c.o(.text)
    I2C_DMACmd                               0x08002697   Thumb Code    24  stm32f4xx_i2c.o(.text)
    I2C_DMALastTransferCmd                   0x080026af   Thumb Code    24  stm32f4xx_i2c.o(.text)
    I2C_ReadRegister                         0x080026c7   Thumb Code    16  stm32f4xx_i2c.o(.text)
    I2C_ITConfig                             0x080026d7   Thumb Code    20  stm32f4xx_i2c.o(.text)
    I2C_CheckEvent                           0x080026eb   Thumb Code    24  stm32f4xx_i2c.o(.text)
    I2C_GetLastEvent                         0x08002703   Thumb Code    14  stm32f4xx_i2c.o(.text)
    I2C_GetFlagStatus                        0x08002711   Thumb Code    50  stm32f4xx_i2c.o(.text)
    I2C_ClearFlag                            0x08002743   Thumb Code     6  stm32f4xx_i2c.o(.text)
    I2C_GetITStatus                          0x08002749   Thumb Code    34  stm32f4xx_i2c.o(.text)
    I2C_ClearITPendingBit                    0x0800276b   Thumb Code     6  stm32f4xx_i2c.o(.text)
    Reset_Handler                            0x08002785   Thumb Code     8  startup_stm32f4xx.o(.text)
    ADC_IRQHandler                           0x0800279f   Thumb Code     0  startup_stm32f4xx.o(.text)
    CAN1_RX0_IRQHandler                      0x0800279f   Thumb Code     0  startup_stm32f4xx.o(.text)
    CAN1_RX1_IRQHandler                      0x0800279f   Thumb Code     0  startup_stm32f4xx.o(.text)
    CAN1_SCE_IRQHandler                      0x0800279f   Thumb Code     0  startup_stm32f4xx.o(.text)
    CAN1_TX_IRQHandler                       0x0800279f   Thumb Code     0  startup_stm32f4xx.o(.text)
    CAN2_RX0_IRQHandler                      0x0800279f   Thumb Code     0  startup_stm32f4xx.o(.text)
    CAN2_RX1_IRQHandler                      0x0800279f   Thumb Code     0  startup_stm32f4xx.o(.text)
    CAN2_SCE_IRQHandler                      0x0800279f   Thumb Code     0  startup_stm32f4xx.o(.text)
    CAN2_TX_IRQHandler                       0x0800279f   Thumb Code     0  startup_stm32f4xx.o(.text)
    CRYP_IRQHandler                          0x0800279f   Thumb Code     0  startup_stm32f4xx.o(.text)
    DCMI_IRQHandler                          0x0800279f   Thumb Code     0  startup_stm32f4xx.o(.text)
    DMA1_Stream0_IRQHandler                  0x0800279f   Thumb Code     0  startup_stm32f4xx.o(.text)
    DMA1_Stream1_IRQHandler                  0x0800279f   Thumb Code     0  startup_stm32f4xx.o(.text)
    DMA1_Stream2_IRQHandler                  0x0800279f   Thumb Code     0  startup_stm32f4xx.o(.text)
    DMA1_Stream3_IRQHandler                  0x0800279f   Thumb Code     0  startup_stm32f4xx.o(.text)
    DMA1_Stream4_IRQHandler                  0x0800279f   Thumb Code     0  startup_stm32f4xx.o(.text)
    DMA1_Stream5_IRQHandler                  0x0800279f   Thumb Code     0  startup_stm32f4xx.o(.text)
    DMA1_Stream6_IRQHandler                  0x0800279f   Thumb Code     0  startup_stm32f4xx.o(.text)
    DMA1_Stream7_IRQHandler                  0x0800279f   Thumb Code     0  startup_stm32f4xx.o(.text)
    DMA2_Stream0_IRQHandler                  0x0800279f   Thumb Code     0  startup_stm32f4xx.o(.text)
    DMA2_Stream2_IRQHandler                  0x0800279f   Thumb Code     0  startup_stm32f4xx.o(.text)
    DMA2_Stream3_IRQHandler                  0x0800279f   Thumb Code     0  startup_stm32f4xx.o(.text)
    DMA2_Stream4_IRQHandler                  0x0800279f   Thumb Code     0  startup_stm32f4xx.o(.text)
    DMA2_Stream5_IRQHandler                  0x0800279f   Thumb Code     0  startup_stm32f4xx.o(.text)
    DMA2_Stream6_IRQHandler                  0x0800279f   Thumb Code     0  startup_stm32f4xx.o(.text)
    DMA2_Stream7_IRQHandler                  0x0800279f   Thumb Code     0  startup_stm32f4xx.o(.text)
    ETH_IRQHandler                           0x0800279f   Thumb Code     0  startup_stm32f4xx.o(.text)
    ETH_WKUP_IRQHandler                      0x0800279f   Thumb Code     0  startup_stm32f4xx.o(.text)
    EXTI15_10_IRQHandler                     0x0800279f   Thumb Code     0  startup_stm32f4xx.o(.text)
    EXTI1_IRQHandler                         0x0800279f   Thumb Code     0  startup_stm32f4xx.o(.text)
    EXTI2_IRQHandler                         0x0800279f   Thumb Code     0  startup_stm32f4xx.o(.text)
    EXTI3_IRQHandler                         0x0800279f   Thumb Code     0  startup_stm32f4xx.o(.text)
    EXTI4_IRQHandler                         0x0800279f   Thumb Code     0  startup_stm32f4xx.o(.text)
    EXTI9_5_IRQHandler                       0x0800279f   Thumb Code     0  startup_stm32f4xx.o(.text)
    FLASH_IRQHandler                         0x0800279f   Thumb Code     0  startup_stm32f4xx.o(.text)
    FPU_IRQHandler                           0x0800279f   Thumb Code     0  startup_stm32f4xx.o(.text)
    FSMC_IRQHandler                          0x0800279f   Thumb Code     0  startup_stm32f4xx.o(.text)
    HASH_RNG_IRQHandler                      0x0800279f   Thumb Code     0  startup_stm32f4xx.o(.text)
    I2C1_ER_IRQHandler                       0x0800279f   Thumb Code     0  startup_stm32f4xx.o(.text)
    I2C1_EV_IRQHandler                       0x0800279f   Thumb Code     0  startup_stm32f4xx.o(.text)
    I2C2_ER_IRQHandler                       0x0800279f   Thumb Code     0  startup_stm32f4xx.o(.text)
    I2C2_EV_IRQHandler                       0x0800279f   Thumb Code     0  startup_stm32f4xx.o(.text)
    I2C3_ER_IRQHandler                       0x0800279f   Thumb Code     0  startup_stm32f4xx.o(.text)
    I2C3_EV_IRQHandler                       0x0800279f   Thumb Code     0  startup_stm32f4xx.o(.text)
    OTG_FS_IRQHandler                        0x0800279f   Thumb Code     0  startup_stm32f4xx.o(.text)
    OTG_FS_WKUP_IRQHandler                   0x0800279f   Thumb Code     0  startup_stm32f4xx.o(.text)
    OTG_HS_EP1_IN_IRQHandler                 0x0800279f   Thumb Code     0  startup_stm32f4xx.o(.text)
    OTG_HS_EP1_OUT_IRQHandler                0x0800279f   Thumb Code     0  startup_stm32f4xx.o(.text)
    OTG_HS_IRQHandler                        0x0800279f   Thumb Code     0  startup_stm32f4xx.o(.text)
    OTG_HS_WKUP_IRQHandler                   0x0800279f   Thumb Code     0  startup_stm32f4xx.o(.text)
    PVD_IRQHandler                           0x0800279f   Thumb Code     0  startup_stm32f4xx.o(.text)
    RCC_IRQHandler                           0x0800279f   Thumb Code     0  startup_stm32f4xx.o(.text)
    RTC_Alarm_IRQHandler                     0x0800279f   Thumb Code     0  startup_stm32f4xx.o(.text)
    RTC_WKUP_IRQHandler                      0x0800279f   Thumb Code     0  startup_stm32f4xx.o(.text)
    SDIO_IRQHandler                          0x0800279f   Thumb Code     0  startup_stm32f4xx.o(.text)
    SPI1_IRQHandler                          0x0800279f   Thumb Code     0  startup_stm32f4xx.o(.text)
    SPI2_IRQHandler                          0x0800279f   Thumb Code     0  startup_stm32f4xx.o(.text)
    SPI3_IRQHandler                          0x0800279f   Thumb Code     0  startup_stm32f4xx.o(.text)
    TAMP_STAMP_IRQHandler                    0x0800279f   Thumb Code     0  startup_stm32f4xx.o(.text)
    TIM1_BRK_TIM9_IRQHandler                 0x0800279f   Thumb Code     0  startup_stm32f4xx.o(.text)
    TIM1_CC_IRQHandler                       0x0800279f   Thumb Code     0  startup_stm32f4xx.o(.text)
    TIM1_TRG_COM_TIM11_IRQHandler            0x0800279f   Thumb Code     0  startup_stm32f4xx.o(.text)
    TIM1_UP_TIM10_IRQHandler                 0x0800279f   Thumb Code     0  startup_stm32f4xx.o(.text)
    TIM2_IRQHandler                          0x0800279f   Thumb Code     0  startup_stm32f4xx.o(.text)
    TIM3_IRQHandler                          0x0800279f   Thumb Code     0  startup_stm32f4xx.o(.text)
    TIM4_IRQHandler                          0x0800279f   Thumb Code     0  startup_stm32f4xx.o(.text)
    TIM5_IRQHandler                          0x0800279f   Thumb Code     0  startup_stm32f4xx.o(.text)
    TIM6_DAC_IRQHandler                      0x0800279f   Thumb Code     0  startup_stm32f4xx.o(.text)
    TIM7_IRQHandler                          0x0800279f   Thumb Code     0  startup_stm32f4xx.o(.text)
    TIM8_BRK_TIM12_IRQHandler                0x0800279f   Thumb Code     0  startup_stm32f4xx.o(.text)
    TIM8_CC_IRQHandler                       0x0800279f   Thumb Code     0  startup_stm32f4xx.o(.text)
    TIM8_TRG_COM_TIM14_IRQHandler            0x0800279f   Thumb Code     0  startup_stm32f4xx.o(.text)
    TIM8_UP_TIM13_IRQHandler                 0x0800279f   Thumb Code     0  startup_stm32f4xx.o(.text)
    UART4_IRQHandler                         0x0800279f   Thumb Code     0  startup_stm32f4xx.o(.text)
    UART5_IRQHandler                         0x0800279f   Thumb Code     0  startup_stm32f4xx.o(.text)
    USART2_IRQHandler                        0x0800279f   Thumb Code     0  startup_stm32f4xx.o(.text)
    USART3_IRQHandler                        0x0800279f   Thumb Code     0  startup_stm32f4xx.o(.text)
    USART6_IRQHandler                        0x0800279f   Thumb Code     0  startup_stm32f4xx.o(.text)
    WWDG_IRQHandler                          0x0800279f   Thumb Code     0  startup_stm32f4xx.o(.text)
    __aeabi_uldivmod                         0x080027a9   Thumb Code    98  uldiv.o(.text)
    __scatterload                            0x0800280d   Thumb Code    28  init.o(.text)
    __scatterload_rt2                        0x0800280d   Thumb Code     0  init.o(.text)
    __aeabi_llsl                             0x08002831   Thumb Code    30  llshl.o(.text)
    _ll_shift_l                              0x08002831   Thumb Code     0  llshl.o(.text)
    __aeabi_llsr                             0x0800284f   Thumb Code    32  llushr.o(.text)
    _ll_ushift_r                             0x0800284f   Thumb Code     0  llushr.o(.text)
    __0sprintf$5                             0x08002871   Thumb Code    34  printf5.o(i.__0sprintf$5)
    __1sprintf$5                             0x08002871   Thumb Code     0  printf5.o(i.__0sprintf$5)
    __2sprintf                               0x08002871   Thumb Code     0  printf5.o(i.__0sprintf$5)
    __scatterload_copy                       0x08002899   Thumb Code    14  handlers.o(i.__scatterload_copy)
    __scatterload_null                       0x080028a7   Thumb Code     2  handlers.o(i.__scatterload_null)
    __scatterload_zeroinit                   0x080028a9   Thumb Code    14  handlers.o(i.__scatterload_zeroinit)
    Region$$Table$$Base                      0x08003328   Number         0  anon$$obj.o(Region$$Table)
    Region$$Table$$Limit                     0x08003348   Number         0  anon$$obj.o(Region$$Table)
    KeyPressFlg                              0x20000000   Data           1  main.o(.data)
    TimingDelay                              0x20000008   Data           4  main.o(.data)
    SystemCoreClock                          0x2000000c   Data           4  system_stm32f4xx.o(.data)
    AHBPrescTable                            0x20000010   Data          16  system_stm32f4xx.o(.data)
    huffman_ctx                              0x20000030   Data          72  jpegenc.o(.data)
    RCC_Clocks                               0x20000088   Data          16  main.o(.bss)
    imagearray                               0x20000098   Data       43200  main.o(.bss)
    received_string                          0x2000a958   Data          13  usart.o(.bss)
    jpgbuff                                  0x2000a966   Data         128  jpegenc.o(.bss)
    Y8x8                                     0x2000a9e6   Data         256  jpegenc.o(.bss)
    Cb8x8                                    0x2000aae6   Data         128  jpegenc.o(.bss)
    Cr8x8                                    0x2000ab66   Data         128  jpegenc.o(.bss)
    __initial_sp                             0x2000b3e8   Data           0  startup_stm32f4xx.o(STACK)



==============================================================================

Memory Map of the image

  Image Entry point : 0x08000189

  Load Region LR_IROM1 (Base: 0x08000000, Size: 0x000033d0, Max: 0x00100000, ABSOLUTE)

    Execution Region ER_IROM1 (Base: 0x08000000, Size: 0x00003348, Max: 0x00100000, ABSOLUTE)

    Base Addr    Size         Type   Attr      Idx    E Section Name        Object

    0x08000000   0x00000188   Data   RO          625    RESET               startup_stm32f4xx.o
    0x08000188   0x00000000   Code   RO          630  * .ARM.Collect$$$$00000000  mc_w.l(entry.o)
    0x08000188   0x00000004   Code   RO          894    .ARM.Collect$$$$00000001  mc_w.l(entry2.o)
    0x0800018c   0x00000004   Code   RO          897    .ARM.Collect$$$$00000004  mc_w.l(entry5.o)
    0x08000190   0x00000000   Code   RO          899    .ARM.Collect$$$$00000008  mc_w.l(entry7b.o)
    0x08000190   0x00000000   Code   RO          901    .ARM.Collect$$$$0000000A  mc_w.l(entry8b.o)
    0x08000190   0x00000008   Code   RO          902    .ARM.Collect$$$$0000000B  mc_w.l(entry9a.o)
    0x08000198   0x00000000   Code   RO          904    .ARM.Collect$$$$0000000D  mc_w.l(entry10a.o)
    0x08000198   0x00000000   Code   RO          906    .ARM.Collect$$$$0000000F  mc_w.l(entry11a.o)
    0x08000198   0x00000004   Code   RO          895    .ARM.Collect$$$$00002712  mc_w.l(entry2.o)
    0x0800019c   0x000004bc   Code   RO            3    .text               main.o
    0x08000658   0x00000034   Code   RO          169    .text               stm32f4xx_it.o
    0x0800068c   0x00000190   Code   RO          263    .text               system_stm32f4xx.o
    0x0800081c   0x00000218   Code   RO          289    .text               dcmi_ov9655.o
    0x08000a34   0x000000f8   Code   RO          312    .text               usart.o
    0x08000b2c   0x000002e6   Code   RO          334    .text               dct.o
    0x08000e12   0x00000002   PAD
    0x08000e14   0x00000564   Code   RO          346    .text               jpegenc.o
    0x08001378   0x000003b4   Code   RO          403    .text               stm32f4xx_usart.o
    0x0800172c   0x000000bc   Code   RO          423    .text               misc.o
    0x080017e8   0x0000015c   Code   RO          443    .text               stm32f4xx_dcmi.o
    0x08001944   0x00000348   Code   RO          463    .text               stm32f4xx_dma.o
    0x08001c8c   0x000000ec   Code   RO          483    .text               stm32f4xx_exti.o
    0x08001d78   0x00000224   Code   RO          523    .text               stm32f4xx_gpio.o
    0x08001f9c   0x00000434   Code   RO          543    .text               stm32f4xx_rcc.o
    0x080023d0   0x000003b4   Code   RO          605    .text               stm32f4xx_i2c.o
    0x08002784   0x00000024   Code   RO          626    .text               startup_stm32f4xx.o
    0x080027a8   0x00000062   Code   RO          913    .text               mc_w.l(uldiv.o)
    0x0800280a   0x00000002   PAD
    0x0800280c   0x00000024   Code   RO          926    .text               mc_w.l(init.o)
    0x08002830   0x0000001e   Code   RO          929    .text               mc_w.l(llshl.o)
    0x0800284e   0x00000020   Code   RO          931    .text               mc_w.l(llushr.o)
    0x0800286e   0x00000002   PAD
    0x08002870   0x00000028   Code   RO          768    i.__0sprintf$5      mc_w.l(printf5.o)
    0x08002898   0x0000000e   Code   RO          940    i.__scatterload_copy  mc_w.l(handlers.o)
    0x080028a6   0x00000002   Code   RO          941    i.__scatterload_null  mc_w.l(handlers.o)
    0x080028a8   0x0000000e   Code   RO          942    i.__scatterload_zeroinit  mc_w.l(handlers.o)
    0x080028b6   0x00000002   PAD
    0x080028b8   0x000002c0   Code   RO          773    i._printf_core      mc_w.l(printf5.o)
    0x08002b78   0x0000000a   Code   RO          775    i._sputc            mc_w.l(printf5.o)
    0x08002b82   0x0000025c   Data   RO          348    .constdata          jpegenc.o
    0x08002dde   0x00000040   Data   RO          349    .constdata          jpegenc.o
    0x08002e1e   0x00000040   Data   RO          350    .constdata          jpegenc.o
    0x08002e5e   0x0000000c   Data   RO          351    .constdata          jpegenc.o
    0x08002e6a   0x0000000c   Data   RO          352    .constdata          jpegenc.o
    0x08002e76   0x00000018   Data   RO          353    .constdata          jpegenc.o
    0x08002e8e   0x00000018   Data   RO          354    .constdata          jpegenc.o
    0x08002ea6   0x000000c0   Data   RO          355    .constdata          jpegenc.o
    0x08002f66   0x00000180   Data   RO          356    .constdata          jpegenc.o
    0x080030e6   0x000000c0   Data   RO          357    .constdata          jpegenc.o
    0x080031a6   0x00000180   Data   RO          358    .constdata          jpegenc.o
    0x08003326   0x00000002   PAD
    0x08003328   0x00000020   Data   RO          938    Region$$Table       anon$$obj.o


    Execution Region RW_IRAM1 (Base: 0x20000000, Size: 0x0000b3e8, Max: 0x00020000, ABSOLUTE)

    Base Addr    Size         Type   Attr      Idx    E Section Name        Object

    0x20000000   0x00000001   Data   RW            5    .data               main.o
    0x20000001   0x00000003   PAD
    0x20000004   0x00000008   Data   RW            6    .data               main.o
    0x2000000c   0x00000014   Data   RW          264    .data               system_stm32f4xx.o
    0x20000020   0x00000001   Data   RW          314    .data               usart.o
    0x20000021   0x00000003   PAD
    0x20000024   0x00000054   Data   RW          359    .data               jpegenc.o
    0x20000078   0x00000010   Data   RW          544    .data               stm32f4xx_rcc.o
    0x20000088   0x0000a8d0   Zero   RW            4    .bss                main.o
    0x2000a958   0x0000000d   Zero   RW          313    .bss                usart.o
    0x2000a965   0x00000001   PAD
    0x2000a966   0x00000280   Zero   RW          347    .bss                jpegenc.o
    0x2000abe6   0x00000002   PAD
    0x2000abe8   0x00000800   Zero   RW          623    STACK               startup_stm32f4xx.o


==============================================================================

Image component sizes


      Code (inc. data)   RO Data    RW Data    ZI Data      Debug   Object Name

       536         14          0          0          0       2728   dcmi_ov9655.o
       742          0          0          0          0       2046   dct.o
      1380         30       1956         84        640       7269   jpegenc.o
      1212        142          0          9      43216     291294   main.o
       188         18          0          0          0       2237   misc.o
        36          8        392          0       2048        944   startup_stm32f4xx.o
       348          4          0          0          0       3906   stm32f4xx_dcmi.o
       840         34          0          0          0       7165   stm32f4xx_dma.o
       236         10          0          0          0       2683   stm32f4xx_exti.o
       548         36          0          0          0       4833   stm32f4xx_gpio.o
       948         20          0          0          0       9243   stm32f4xx_i2c.o
        52          6          0          0          0     263455   stm32f4xx_it.o
      1076         44          0         16          0      12023   stm32f4xx_rcc.o
       948         24          0          0          0       8856   stm32f4xx_usart.o
       400         36          0         20          0       2003   system_stm32f4xx.o
       248         20          0          1         13       1869   usart.o

    ----------------------------------------------------------------------
      9740        446       2382        136      45920     622554   Object Totals
         0          0         32          0          0          0   (incl. Generated)
         2          0          2          6          3          0   (incl. Padding)

    ----------------------------------------------------------------------

      Code (inc. data)   RO Data    RW Data    ZI Data      Debug   Library Member Name

         0          0          0          0          0          0   entry.o
         0          0          0          0          0          0   entry10a.o
         0          0          0          0          0          0   entry11a.o
         8          4          0          0          0          0   entry2.o
         4          0          0          0          0          0   entry5.o
         0          0          0          0          0          0   entry7b.o
         0          0          0          0          0          0   entry8b.o
         8          4          0          0          0          0   entry9a.o
        30          0          0          0          0          0   handlers.o
        36          8          0          0          0         68   init.o
        30          0          0          0          0         68   llshl.o
        32          0          0          0          0         68   llushr.o
       754         52          0          0          0        252   printf5.o
        98          0          0          0          0         92   uldiv.o

    ----------------------------------------------------------------------
      1006         68          0          0          0        548   Library Totals
         6          0          0          0          0          0   (incl. Padding)

    ----------------------------------------------------------------------

      Code (inc. data)   RO Data    RW Data    ZI Data      Debug   Library Name

      1000         68          0          0          0        548   mc_w.l

    ----------------------------------------------------------------------
      1006         68          0          0          0        548   Library Totals

    ----------------------------------------------------------------------

==============================================================================


      Code (inc. data)   RO Data    RW Data    ZI Data      Debug   

     10746        514       2382        136      45920     618994   Grand Totals
     10746        514       2382        136      45920     618994   ELF Image Totals
     10746        514       2382        136          0          0   ROM Totals

==============================================================================

    Total RO  Size (Code + RO Data)                13128 (  12.82kB)
    Total RW  Size (RW Data + ZI Data)             46056 (  44.98kB)
    Total ROM Size (Code + RO Data + RW Data)      13264 (  12.95kB)

==============================================================================

